 motor_model_updated_sfun

 Timestamp is 5fb46e6e (Tue Nov 17 19:44:30 2020)

 Preferred load address is 0000000180000000

 Start         Length     Name                   Class
 0001:00000000 0000f220H .text$mn                CODE
 0001:0000f220 00000012H .text$mn$00             CODE
 0001:0000f232 00000081H .text$x                 CODE
 0002:00000000 000003f0H .idata$5                DATA
 0002:000003f0 00000010H .00cfg                  DATA
 0002:00000400 00000008H .CRT$XCA                DATA
 0002:00000408 00000008H .CRT$XCZ                DATA
 0002:00000410 00000008H .CRT$XIA                DATA
 0002:00000418 00000008H .CRT$XIZ                DATA
 0002:00000420 00000008H .CRT$XPA                DATA
 0002:00000428 00000008H .CRT$XPZ                DATA
 0002:00000430 00000008H .CRT$XTA                DATA
 0002:00000438 00000008H .CRT$XTZ                DATA
 0002:00000440 00000000H .gfids$y                DATA
 0002:00000440 00000230H .rdata                  DATA
 0002:00000670 00000218H .rdata$zzzdbg           DATA
 0002:00000888 00000008H .rtc$IAA                DATA
 0002:00000890 00000008H .rtc$IZZ                DATA
 0002:00000898 00000008H .rtc$TAA                DATA
 0002:000008a0 00000008H .rtc$TZZ                DATA
 0002:000008a8 000009c8H .xdata                  DATA
 0002:00001270 00000084H .edata                  DATA
 0002:000012f4 000000f0H .idata$2                DATA
 0002:000013e4 00000014H .idata$3                DATA
 0002:000013f8 000003f0H .idata$4                DATA
 0002:000017e8 00000ab6H .idata$6                DATA
 0003:00000000 00007950H .data                   DATA
 0003:00007950 00000fc0H .bss                    DATA
 0004:00000000 00000bf4H .pdata                  DATA

  Address         Publics by Value              Rva+Base               Lib:Object

 0000:00000000       __hybrid_code_map_count    0000000000000000     <absolute>
 0000:00000000       __guard_iat_count          0000000000000000     <absolute>
 0000:00000000       __dynamic_value_reloc_table 0000000000000000     <absolute>
 0000:00000000       __hybrid_code_map          0000000000000000     <absolute>
 0000:00000000       __guard_iat_table          0000000000000000     <absolute>
 0000:00000000       __enclave_config           0000000000000000     <absolute>
 0000:00000000       ___safe_se_handler_table   0000000000000000     <absolute>
 0000:00000000       __guard_fids_count         0000000000000000     <absolute>
 0000:00000000       __volatile_metadata        0000000000000000     <absolute>
 0000:00000000       __guard_fids_table         0000000000000000     <absolute>
 0000:00000000       __hybrid_auxiliary_iat     0000000000000000     <absolute>
 0000:00000000       ___safe_se_handler_count   0000000000000000     <absolute>
 0000:00000000       __guard_longjmp_count      0000000000000000     <absolute>
 0000:00000000       __guard_longjmp_table      0000000000000000     <absolute>
 0000:00000100       __guard_flags              0000000000000100     <absolute>
 0000:00000000       __ImageBase                0000000180000000     <linker-defined>
 0001:00000000       motor_model_updated_initializer 0000000180001000 f   motor_model_updated_sfun.obj
 0001:00000010       motor_model_updated_terminator 0000000180001010 f   motor_model_updated_sfun.obj
 0001:00000020       load_motor_model_updated_optimization_info 0000000180001020 f   motor_model_updated_sfun.obj
 0001:000000d0       unload_motor_model_updated_optimization_info 00000001800010d0 f   motor_model_updated_sfun.obj
 0001:00000100       sf_motor_model_updated_method_dispatcher 0000000180001100 f   motor_model_updated_sfun.obj
 0001:00000170       sf_motor_model_updated_process_check_sum_call 0000000180001170 f   motor_model_updated_sfun.obj
 0001:00000680       sf_motor_model_updated_get_eml_resolved_functions_info 0000000180001680 f   motor_model_updated_sfun.obj
 0001:000008c0       sf_motor_model_updated_third_party_uses_info 00000001800018c0 f   motor_model_updated_sfun.obj
 0001:00000ac0       sf_motor_model_updated_jit_fallback_info 0000000180001ac0 f   motor_model_updated_sfun.obj
 0001:00000cc0       sf_motor_model_updated_get_post_codegen_info 0000000180001cc0 f   motor_model_updated_sfun.obj
 0001:00000ee0       sf_motor_model_updated_updateBuildInfo_args_info 0000000180001ee0 f   motor_model_updated_sfun.obj
 0001:000010e0       motor_model_updated_register_exported_symbols 00000001800020e0 f   motor_model_updated_sfun.obj
 0001:000010f0       sf_c5_motor_model_updated_get_eml_resolved_functions_info 00000001800020f0 f   c5_motor_model_updated.obj
 0001:00001250       sf_c5_motor_model_updated_get_check_sum 0000000180002250 f   c5_motor_model_updated.obj
 0001:00001320       c5_motor_model_updated_method_dispatcher 0000000180002320 f   c5_motor_model_updated.obj
 0001:00001f90       sf_c5_motor_model_updated_third_party_uses_info 0000000180002f90 f   c5_motor_model_updated.obj
 0001:00002010       sf_c5_motor_model_updated_jit_fallback_info 0000000180003010 f   c5_motor_model_updated.obj
 0001:000021a0       sf_c5_motor_model_updated_updateBuildInfo_args_info 00000001800031a0 f   c5_motor_model_updated.obj
 0001:00002540       sf_c5_motor_model_updated_get_post_codegen_info 0000000180003540 f   c5_motor_model_updated.obj
 0001:00002a10       sf_c6_motor_model_updated_get_eml_resolved_functions_info 0000000180003a10 f   c6_motor_model_updated.obj
 0001:00002b70       sf_c6_motor_model_updated_get_check_sum 0000000180003b70 f   c6_motor_model_updated.obj
 0001:00002c40       c6_motor_model_updated_method_dispatcher 0000000180003c40 f   c6_motor_model_updated.obj
 0001:000038b0       sf_c6_motor_model_updated_third_party_uses_info 00000001800048b0 f   c6_motor_model_updated.obj
 0001:00003930       sf_c6_motor_model_updated_jit_fallback_info 0000000180004930 f   c6_motor_model_updated.obj
 0001:00003ac0       sf_c6_motor_model_updated_updateBuildInfo_args_info 0000000180004ac0 f   c6_motor_model_updated.obj
 0001:00003e60       sf_c6_motor_model_updated_get_post_codegen_info 0000000180004e60 f   c6_motor_model_updated.obj
 0001:00004330       mexFunction                0000000180005330 f   motor_model_updated_sfun_registry.obj
 0001:00006ae0       _ssSetInputPortDirectFeedThroughFcn 0000000180007ae0 f   motor_model_updated_sfun_registry.obj
 0001:00006c50       _ssSetRWorkValueFcn        0000000180007c50 f   motor_model_updated_sfun_registry.obj
 0001:00006cd0       _ssGetRWorkValueFcn        0000000180007cd0 f   motor_model_updated_sfun_registry.obj
 0001:00006d40       _ssSetIWorkValueFcn        0000000180007d40 f   motor_model_updated_sfun_registry.obj
 0001:00006dc0       _ssGetIWorkValueFcn        0000000180007dc0 f   motor_model_updated_sfun_registry.obj
 0001:00006e30       _ssSetPWorkValueFcn        0000000180007e30 f   motor_model_updated_sfun_registry.obj
 0001:00006eb0       _ssGetPWorkValueFcn        0000000180007eb0 f   motor_model_updated_sfun_registry.obj
 0001:00006f20       _ssGetInputPortSignalFcn   0000000180007f20 f   motor_model_updated_sfun_registry.obj
 0001:000072b0       _ssGetInputPortBufferDstPortFcn 00000001800082b0 f   motor_model_updated_sfun_registry.obj
 0001:00007330       _ssGetInputPortSignalPtrsFcn 0000000180008330 f   motor_model_updated_sfun_registry.obj
 0001:000076c0       ssGetParameterTuningCompliance 00000001800086c0 f   motor_model_updated_sfun_registry.obj
 0001:00007730       ssGetDTypeIdFromMxArray    0000000180008730 f   motor_model_updated_sfun_registry.obj
 0001:00007850       ssWriteRTWMx2dMatParam     0000000180008850 f   motor_model_updated_sfun_registry.obj
 0001:000078e0       ssWriteRTWMxVectParam      00000001800088e0 f   motor_model_updated_sfun_registry.obj
 0001:00007960       ssWriteRTWParameters       0000000180008960 f   motor_model_updated_sfun_registry.obj
 0001:00007f20       ssWriteRTWParamSettings    0000000180008f20 f   motor_model_updated_sfun_registry.obj
 0001:00008610       ssWriteRTWStr              0000000180009610 f   motor_model_updated_sfun_registry.obj
 0001:00008670       ssWriteRTWWorkVect         0000000180009670 f   motor_model_updated_sfun_registry.obj
 0001:00008bd0       ssWarning                  0000000180009bd0 f   motor_model_updated_sfun_registry.obj
 0001:00008cc0       ssWriteRTWNameValuePair    0000000180009cc0 f   motor_model_updated_sfun_registry.obj
 0001:000091c0       _ssSetInputPortMatrixDimensions 000000018000a1c0 f   motor_model_updated_sfun_registry.obj
 0001:000092e0       _ssSetOutputPortMatrixDimensions 000000018000a2e0 f   motor_model_updated_sfun_registry.obj
 0001:00009400       _ssSetInputPortVectorDimension 000000018000a400 f   motor_model_updated_sfun_registry.obj
 0001:000094b0       _ssSetOutputPortVectorDimension 000000018000a4b0 f   motor_model_updated_sfun_registry.obj
 0001:00009560       ssIsRunTimeParamTunable    000000018000a560 f   motor_model_updated_sfun_registry.obj
 0001:000095d0       ssGetSFuncBlockHandle      000000018000a5d0 f   motor_model_updated_sfun_registry.obj
 0001:00009640       _ssGetCurrentInputPortWidth 000000018000a640 f   motor_model_updated_sfun_registry.obj
 0001:00009760       _ssGetCurrentOutputPortWidth 000000018000a760 f   motor_model_updated_sfun_registry.obj
 0001:00009880       _ssGetCallSystemNumFcnCallDestinations 000000018000a880 f   motor_model_updated_sfun_registry.obj
 0001:000098f0       ssGetIsZeroCrossControlDisabled 000000018000a8f0 f   motor_model_updated_sfun_registry.obj
 0001:00009960       ssSetIsInputPortUsedForContZcSignal 000000018000a960 f   motor_model_updated_sfun_registry.obj
 0001:000099d0       ssSetZcSignalIsZcElementDisc 000000018000a9d0 f   motor_model_updated_sfun_registry.obj
 0001:00009a80       ssSetZcSignalName          000000018000aa80 f   motor_model_updated_sfun_registry.obj
 0001:00009af0       ssSetZcSignalWidth         000000018000aaf0 f   motor_model_updated_sfun_registry.obj
 0001:00009b60       ssSetZcSignalZcEventType   000000018000ab60 f   motor_model_updated_sfun_registry.obj
 0001:00009bd0       ssSetZcSignalType          000000018000abd0 f   motor_model_updated_sfun_registry.obj
 0001:00009c40       ssSetZcSignalZcTol         000000018000ac40 f   motor_model_updated_sfun_registry.obj
 0001:00009cb0       ssSetZcSignalNeedsEventNotification 000000018000acb0 f   motor_model_updated_sfun_registry.obj
 0001:00009d20       ssCreateAndAddZcSignalInfo 000000018000ad20 f   motor_model_updated_sfun_registry.obj
 0001:00009d90       ssCloneAndAddZcSignalInfo  000000018000ad90 f   motor_model_updated_sfun_registry.obj
 0001:00009e00       ssGetNumZcSignals          000000018000ae00 f   motor_model_updated_sfun_registry.obj
 0001:00009e70       ssGetZcSignalVector        000000018000ae70 f   motor_model_updated_sfun_registry.obj
 0001:00009ee0       ssGetZcSignalName          000000018000aee0 f   motor_model_updated_sfun_registry.obj
 0001:00009f50       ssGetZcSignalWidth         000000018000af50 f   motor_model_updated_sfun_registry.obj
 0001:00009fc0       ssGetZcSignalZcEventType   000000018000afc0 f   motor_model_updated_sfun_registry.obj
 0001:0000a030       ssGetZcSignalZcEvents      000000018000b030 f   motor_model_updated_sfun_registry.obj
 0001:0000a0a0       ssGetZcSignalType          000000018000b0a0 f   motor_model_updated_sfun_registry.obj
 0001:0000a110       ssGetZcSignalZcTol         000000018000b110 f   motor_model_updated_sfun_registry.obj
 0001:0000a190       ssGetZcSignalNeedsEventNotification 000000018000b190 f   motor_model_updated_sfun_registry.obj
 0001:0000a200       ssGetZcSignalIsZcElementDisc 000000018000b200 f   motor_model_updated_sfun_registry.obj
 0001:0000a2a0       ssGetIsInputPortElementContinuous 000000018000b2a0 f   motor_model_updated_sfun_registry.obj
 0001:0000a340       _ssGetAbsTol               000000018000b340 f   motor_model_updated_sfun_registry.obj
 0001:0000a3b0       _ssSetStateAbsTol          000000018000b3b0 f   motor_model_updated_sfun_registry.obj
 0001:0000a490       _ssSetInputPortReusableFcn 000000018000b490 f   motor_model_updated_sfun_registry.obj
 0001:0000a590       _ssSetOutputPortReusableFcn 000000018000b590 f   motor_model_updated_sfun_registry.obj
 0001:0000a690       _ssSetSymbolicDimsSupport  000000018000b690 f   motor_model_updated_sfun_registry.obj
 0001:0000a700       _ssRegisterSymbolicDimsExpr 000000018000b700 f   motor_model_updated_sfun_registry.obj
 0001:0000a780       _ssRegisterSymbolicDims    000000018000b780 f   motor_model_updated_sfun_registry.obj
 0001:0000a820       _ssRegisterSymbolicDimsString 000000018000b820 f   motor_model_updated_sfun_registry.obj
 0001:0000a8a0       _ssRegisterSymbolicDimsIntValue 000000018000b8a0 f   motor_model_updated_sfun_registry.obj
 0001:0000a910       _ssRegisterSymbolicDimsPlus 000000018000b910 f   motor_model_updated_sfun_registry.obj
 0001:0000a990       _ssRegisterSymbolicDimsMinus 000000018000b990 f   motor_model_updated_sfun_registry.obj
 0001:0000aa10       _ssRegisterSymbolicDimsMultiply 000000018000ba10 f   motor_model_updated_sfun_registry.obj
 0001:0000aa90       _ssRegisterSymbolicDimsDivide 000000018000ba90 f   motor_model_updated_sfun_registry.obj
 0001:0000ab10       _ssGetNumSymbolicDims      000000018000bb10 f   motor_model_updated_sfun_registry.obj
 0001:0000ab80       _ssGetSymbolicDim          000000018000bb80 f   motor_model_updated_sfun_registry.obj
 0001:0000ac00       _ssSetInputPortSymbolicDimsId 000000018000bc00 f   motor_model_updated_sfun_registry.obj
 0001:0000ac70       _ssGetCompInputPortSymbolicDimsId 000000018000bc70 f   motor_model_updated_sfun_registry.obj
 0001:0000ace0       _ssSetCompInputPortSymbolicDimsId 000000018000bce0 f   motor_model_updated_sfun_registry.obj
 0001:0000ad50       _ssSetOutputPortSymbolicDimsId 000000018000bd50 f   motor_model_updated_sfun_registry.obj
 0001:0000adc0       _ssGetCompOutputPortSymbolicDimsId 000000018000bdc0 f   motor_model_updated_sfun_registry.obj
 0001:0000ae30       _ssSetCompOutputPortSymbolicDimsId 000000018000be30 f   motor_model_updated_sfun_registry.obj
 0001:0000aea0       _ssSetCompDWorkSymbolicDimsId 000000018000bea0 f   motor_model_updated_sfun_registry.obj
 0001:0000af10       sf_process_check_sum_call  000000018000bf10 f   motor_model_updated_sfun_registry.obj
 0001:0000af60       sf_process_get_third_party_uses_info_call 000000018000bf60 f   motor_model_updated_sfun_registry.obj
 0001:0000b190       sf_process_get_jit_fallback_info_call 000000018000c190 f   motor_model_updated_sfun_registry.obj
 0001:0000b3c0       sf_process_get_post_codegen_info_call 000000018000c3c0 f   motor_model_updated_sfun_registry.obj
 0001:0000b5f0       sf_process_get_updateBuildInfo_args_info_call 000000018000c5f0 f   motor_model_updated_sfun_registry.obj
 0001:0000b820       sf_process_get_eml_resolved_functions_info_call 000000018000c820 f   motor_model_updated_sfun_registry.obj
 0001:0000ba50       sf_mex_unlock_call         000000018000ca50 f   motor_model_updated_sfun_registry.obj
 0001:0000bc70       sf_machine_global_initializer_called 000000018000cc70 f   motor_model_updated_sfun_registry.obj
 0001:0000bca0       sf_machine_global_method_dispatcher 000000018000cca0 f   motor_model_updated_sfun_registry.obj
 0001:0000bd00       sf_machine_global_terminator 000000018000cd00 f   motor_model_updated_sfun_registry.obj
 0001:0000bd30       sf_register_machine_exported_symbols 000000018000cd30 f   motor_model_updated_sfun_registry.obj
 0001:0000bd50       callCustomFcn              000000018000cd50 f   motor_model_updated_sfun_registry.obj
 0001:0000bd60       sf_machine_global_initializer 000000018000cd60 f   motor_model_updated_sfun_registry.obj
 0001:0000bdd0       mdlGetSimState             000000018000cdd0 f   motor_model_updated_sfun_registry.obj
 0001:0000be10       mdlSetSimState             000000018000ce10 f   motor_model_updated_sfun_registry.obj
 0001:0000c760       ProcessMexSfunctionEveryCall 000000018000d760 f   motor_model_updated_sfun_registry.obj
 0001:0000d8d0       __local_stdio_printf_options 000000018000e8d0 f i motor_model_updated_sfun_registry.obj
 0001:0000d8e0       _vsnprintf_l               000000018000e8e0 f i motor_model_updated_sfun_registry.obj
 0001:0000d960       _vsprintf_l                000000018000e960 f i motor_model_updated_sfun_registry.obj
 0001:0000d9b0       sprintf                    000000018000e9b0 f i motor_model_updated_sfun_registry.obj
 0001:0000da00       mexfilerequiredapiversion  000000018000ea00 f   c_mexapi_version.obj
 0001:0000da30       MW_AnalogInSingle_Open     000000018000ea30 f   MW_AnalogInput.obj
 0001:0000da40       MW_AnalogIn_SetTriggerSource 000000018000ea40 f   MW_AnalogInput.obj
 0001:0000da60       MW_AnalogIn_EnableNotification 000000018000ea60 f   MW_AnalogInput.obj
 0001:0000da70       MW_AnalogIn_DisableNotification 000000018000ea70 f   MW_AnalogInput.obj
 0001:0000da80       MW_AnalogIn_EnableContConversion 000000018000ea80 f   MW_AnalogInput.obj
 0001:0000da90       MW_AnalogIn_SetChannelConvRank 000000018000ea90 f   MW_AnalogInput.obj
 0001:0000dab0       MW_AnalogIn_GetStatus      000000018000eab0 f   MW_AnalogInput.obj
 0001:0000dad0       MW_AnalogInSingle_ReadResult 000000018000ead0 f   MW_AnalogInput.obj
 0001:0000daf0       MW_AnalogIn_Start          000000018000eaf0 f   MW_AnalogInput.obj
 0001:0000db00       MW_AnalogIn_Stop           000000018000eb00 f   MW_AnalogInput.obj
 0001:0000db10       MW_AnalogIn_Close          000000018000eb10 f   MW_AnalogInput.obj
 0001:0000db20       MW_AnalogIn_GetHandle      000000018000eb20 f   MW_AnalogInput.obj
 0001:0000db30       setHandle                  000000018000eb30 f   MW_AnalogInput.obj
 0001:0000db40       digitalIOSetup             000000018000eb40 f   MW_arduino_digitalio.obj
 0001:0000db50       writeDigitalPin            000000018000eb50 f   MW_arduino_digitalio.obj
 0001:0000db60       readDigitalPin             000000018000eb60 f   MW_arduino_digitalio.obj
 0001:0000db70       MW_PWM_Open                000000018000eb70 f   MW_PWM.obj
 0001:0000db90       MW_PWM_Start               000000018000eb90 f   MW_PWM.obj
 0001:0000dba0       MW_PWM_SetDutyCycle        000000018000eba0 f   MW_PWM.obj
 0001:0000dbc0       MW_PWM_SetFrequency        000000018000ebc0 f   MW_PWM.obj
 0001:0000dbe0       MW_PWM_DisableNotification 000000018000ebe0 f   MW_PWM.obj
 0001:0000dbf0       MW_PWM_EnableNotification  000000018000ebf0 f   MW_PWM.obj
 0001:0000dc00       MW_PWM_SetOutputToIdle     000000018000ec00 f   MW_PWM.obj
 0001:0000dc10       MW_PWM_GetOutputState      000000018000ec10 f   MW_PWM.obj
 0001:0000dc20       MW_PWM_Stop                000000018000ec20 f   MW_PWM.obj
 0001:0000dc30       MW_PWM_Close               000000018000ec30 f   MW_PWM.obj
 0001:0000dc40       MW_PWM_GetHandle           000000018000ec40 f   MW_PWM.obj
 0001:0000dc50       setPWMHandle               000000018000ec50 f   MW_PWM.obj
 0001:0000dc5a       sf_load_rtw_optimization_info 000000018000ec5a f   sf_runtime:sf_runtime.dll
 0001:0000dc60       sf_mex_decode              000000018000ec60 f   sf_runtime:sf_runtime.dll
 0001:0000dc66       sf_init_ChartRunTimeInfo   000000018000ec66 f   sf_runtime:sf_runtime.dll
 0001:0000dc6c       sf_free_ChartRunTimeInfo   000000018000ec6c f   sf_runtime:sf_runtime.dll
 0001:0000dc72       sfrtGetEmlrtCtx            000000018000ec72 f   sf_runtime:sf_runtime.dll
 0001:0000dc78       sfrtGetCovrtInstance       000000018000ec78 f   sf_runtime:sf_runtime.dll
 0001:0000dc7e       sf_get_chart_instance_ptr  000000018000ec7e f   sf_runtime:sf_runtime.dll
 0001:0000dc84       sim_mode_is_rtw_gen        000000018000ec84 f   sf_runtime:sf_runtime.dll
 0001:0000dc8a       sim_mode_is_external       000000018000ec8a f   sf_runtime:sf_runtime.dll
 0001:0000dc90       sf_clear_rtw_identifier    000000018000ec90 f   sf_runtime:sf_runtime.dll
 0001:0000dc96       sf_get_time                000000018000ec96 f   sf_runtime:sf_runtime.dll
 0001:0000dc9c       sfDoAnimationWrapper       000000018000ec9c f   sf_runtime:sf_runtime.dll
 0001:0000dca2       setDataBrowseFcn           000000018000eca2 f   sf_runtime:sf_runtime.dll
 0001:0000dca8       setLegacyDebuggerFlag      000000018000eca8 f   sf_runtime:sf_runtime.dll
 0001:0000dcae       setDebuggerFlag            000000018000ecae f   sf_runtime:sf_runtime.dll
 0001:0000dcb4       sf_warn_if_symbolic_dimension_param_changed 000000018000ecb4 f   sf_runtime:sf_runtime.dll
 0001:0000dcba       sf_set_work_widths         000000018000ecba f   sf_runtime:sf_runtime.dll
 0001:0000dcc0       sfListenerCacheSimStruct   000000018000ecc0 f   sf_runtime:sf_runtime.dll
 0001:0000dcc6       sfListenerLightTerminate   000000018000ecc6 f   sf_runtime:sf_runtime.dll
 0001:0000dccc       sfListenerInitializeRuntimeVars 000000018000eccc f   sf_runtime:sf_runtime.dll
 0001:0000dcd2       sf_mex_error_message       000000018000ecd2 f   sf_runtime:sf_runtime.dll
 0001:0000dcd8       sf_mex_create              000000018000ecd8 f   sf_runtime:sf_runtime.dll
 0001:0000dcde       sf_mex_createcellmatrix    000000018000ecde f   sf_runtime:sf_runtime.dll
 0001:0000dce4       sf_mex_setcell             000000018000ece4 f   sf_runtime:sf_runtime.dll
 0001:0000dcea       sf_mex_getcell             000000018000ecea f   sf_runtime:sf_runtime.dll
 0001:0000dcf0       sf_mex_assign              000000018000ecf0 f   sf_runtime:sf_runtime.dll
 0001:0000dcf6       sf_mex_dup                 000000018000ecf6 f   sf_runtime:sf_runtime.dll
 0001:0000dcfc       sf_mex_destroy             000000018000ecfc f   sf_runtime:sf_runtime.dll
 0001:0000dd02       sf_mex_import              000000018000ed02 f   sf_runtime:sf_runtime.dll
 0001:0000dd08       ssGetOutputPortSignal_wrapper 000000018000ed08 f   sf_runtime:sf_runtime.dll
 0001:0000dd0e       sf_get_ChartInfoStruct_CodeGen 000000018000ed0e f   sf_runtime:sf_runtime.dll
 0001:0000dd14       sf_get_hasSeparateUpdateOutputs 000000018000ed14 f   sf_runtime:sf_runtime.dll
 0001:0000dd1a       callMdlMethodAndReportError 000000018000ed1a f   sf_runtime:sf_runtime.dll
 0001:0000dd20       call_sf_machine_global_method_dispatcher 000000018000ed20 f   sf_runtime:sf_runtime.dll
 0001:0000dd26       getRuntimeInstanceInfoAsVoid 000000018000ed26 f   sf_runtime:sf_runtime.dll
 0001:0000dd2c       sf_mex_error_direct_call   000000018000ed2c f   sf_runtime:sf_runtime.dll
 0001:0000dd32       sf_clear_error_manager_info 000000018000ed32 f   sf_runtime:sf_runtime.dll
 0001:0000dd38       mxIsChar_800               000000018000ed38 f   libmx:libmx.dll
 0001:0000dd3e       mxGetScalar_800            000000018000ed3e f   libmx:libmx.dll
 0001:0000dd44       mxGetPr_800                000000018000ed44 f   libmx:libmx.dll
 0001:0000dd4a       mxDestroyArray_800         000000018000ed4a f   libmx:libmx.dll
 0001:0000dd50       mxCreateDoubleMatrix_800   000000018000ed50 f   libmx:libmx.dll
 0001:0000dd56       mxGetString_800            000000018000ed56 f   libmx:libmx.dll
 0001:0000dd5c       mxDuplicateArray_800       000000018000ed5c f   libmx:libmx.dll
 0001:0000dd62       mxSetCell_800              000000018000ed62 f   libmx:libmx.dll
 0001:0000dd68       mxSetField_800             000000018000ed68 f   libmx:libmx.dll
 0001:0000dd6e       mxCreateString_800         000000018000ed6e f   libmx:libmx.dll
 0001:0000dd74       mxCreateCellMatrix_800     000000018000ed74 f   libmx:libmx.dll
 0001:0000dd7a       mxCreateStructMatrix_800   000000018000ed7a f   libmx:libmx.dll
 0001:0000dd80       mxCalloc_800               000000018000ed80 f   libmx:libmx.dll
 0001:0000dd86       mxGetM_800                 000000018000ed86 f   libmx:libmx.dll
 0001:0000dd8c       mxGetClassID_800           000000018000ed8c f   libmx:libmx.dll
 0001:0000dd92       mxIsNumeric_800            000000018000ed92 f   libmx:libmx.dll
 0001:0000dd98       mxIsComplex_800            000000018000ed98 f   libmx:libmx.dll
 0001:0000dd9e       mxGetN_800                 000000018000ed9e f   libmx:libmx.dll
 0001:0000dda4       mxCreateDoubleScalar_800   000000018000eda4 f   libmx:libmx.dll
 0001:0000ddaa       mexMakeArrayPersistent_800 000000018000edaa f   libmex:libmex.dll
 0001:0000ddb0       mexErrMsgTxt_800           000000018000edb0 f   libmex:libmex.dll
 0001:0000ddb6       mexWarnMsgTxt_800          000000018000edb6 f   libmex:libmex.dll
 0001:0000ddbc       mexCallMATLAB_800          000000018000edbc f   libmex:libmex.dll
 0001:0000ddc2       mexLock_800                000000018000edc2 f   libmex:libmex.dll
 0001:0000ddc8       mexUnlock_800              000000018000edc8 f   libmex:libmex.dll
 0001:0000ddce       mexIsLocked_800            000000018000edce f   libmex:libmex.dll
 0001:0000ddd4       utMalloc                   000000018000edd4 f   libut:libut.dll
 0001:0000ddda       utFree                     000000018000edda f   libut:libut.dll
 0001:0000dde0       emlrtNameCaptureMxArrayR2016a 000000018000ede0 f   libemlrt:libemlrt.dll
 0001:0000dde6       covrtCreateStateflowInstanceData 000000018000ede6 f   libcovrt:libcovrt.dll
 0001:0000ddec       covrtDeleteStateflowInstanceData 000000018000edec f   libcovrt:libcovrt.dll
 0001:0000ddf2       covrtTransInitFcn          000000018000edf2 f   libcovrt:libcovrt.dll
 0001:0000ddf8       covrtStateInitFcn          000000018000edf8 f   libcovrt:libcovrt.dll
 0001:0000ddfe       covrtChartInitFcn          000000018000edfe f   libcovrt:libcovrt.dll
 0001:0000de04       covrtSigUpdateFcn          000000018000ee04 f   libcovrt:libcovrt.dll
 0001:0000de0a       covrtEmlInitFcn            000000018000ee0a f   libcovrt:libcovrt.dll
 0001:0000de10       covrtEmlFcnInitFcn         000000018000ee10 f   libcovrt:libcovrt.dll
 0001:0000de16       covrtEmlFcnEval            000000018000ee16 f   libcovrt:libcovrt.dll
 0001:0000de1c       __raise_securityfailure    000000018000ee1c f   MSVCRT:gs_report.obj
 0001:0000de50       __report_gsfailure         000000018000ee50 f   MSVCRT:gs_report.obj
 0001:0000df24       __report_rangecheckfailure 000000018000ef24 f   MSVCRT:gs_report.obj
 0001:0000df38       __report_securityfailure   000000018000ef38 f   MSVCRT:gs_report.obj
 0001:0000dfd4       __report_securityfailureEx 000000018000efd4 f   MSVCRT:gs_report.obj
 0001:0000e1c8       __GSHandlerCheck           000000018000f1c8 f   MSVCRT:gshandler.obj
 0001:0000e1e8       __GSHandlerCheckCommon     000000018000f1e8 f   MSVCRT:gshandler.obj
 0001:0000e260       __security_check_cookie    000000018000f260 f   MSVCRT:amdsecgs.obj
 0001:0000e5d0       _CRT_INIT                  000000018000f5d0 f   MSVCRT:dll_dllmain.obj
 0001:0000e5d8       _DllMainCRTStartup         000000018000f5d8 f   MSVCRT:dll_dllmain.obj
 0001:0000e684       __security_init_cookie     000000018000f684 f   MSVCRT:gs_support.obj
 0001:0000e730       DllMain                    000000018000f730 f   MSVCRT:dll_dllmain_stub.obj
 0001:0000e754       ?__scrt_initialize_type_info@@YAXXZ 000000018000f754 f   MSVCRT:tncleanup.obj
 0001:0000e764       ?__scrt_uninitialize_type_info@@YAXXZ 000000018000f764 f   MSVCRT:tncleanup.obj
 0001:0000e770       __local_stdio_scanf_options 000000018000f770 f i MSVCRT:default_local_stdio_options.obj
 0001:0000e778       __scrt_initialize_default_local_stdio_options 000000018000f778 f   MSVCRT:default_local_stdio_options.obj
 0001:0000e794       ??$__crt_fast_decode_pointer@PEAP6AXXZ@@YAPEAP6AXXZQEAP6AXXZ@Z 000000018000f794 f i MSVCRT:utility.obj
 0001:0000e7ac       ??$__crt_fast_encode_pointer@PEAP6AXXZ@@YAPEAP6AXXZQEAP6AXXZ@Z 000000018000f7ac f i MSVCRT:utility.obj
 0001:0000e7cc       ?__crt_rotate_pointer_value@@YA_K_KH@Z 000000018000f7cc f i MSVCRT:utility.obj
 0001:0000e7d8       ?configure_argv@__scrt_narrow_argv_policy@@SAHXZ 000000018000f7d8 f i MSVCRT:utility.obj
 0001:0000e838       ?initialize_environment@__scrt_narrow_environment_policy@@SAHXZ 000000018000f838 f i MSVCRT:utility.obj
 0001:0000e870       NtCurrentTeb               000000018000f870 f i MSVCRT:utility.obj
 0001:0000e87c       __scrt_acquire_startup_lock 000000018000f87c f   MSVCRT:utility.obj
 0001:0000e8b8       __scrt_dllmain_after_initialize_c 000000018000f8b8 f   MSVCRT:utility.obj
 0001:0000e8ec       __scrt_dllmain_before_initialize_c 000000018000f8ec f   MSVCRT:utility.obj
 0001:0000e904       __scrt_dllmain_crt_thread_attach 000000018000f904 f   MSVCRT:utility.obj
 0001:0000e92c       __scrt_dllmain_crt_thread_detach 000000018000f92c f   MSVCRT:utility.obj
 0001:0000e944       __scrt_dllmain_exception_filter 000000018000f944 f   MSVCRT:utility.obj
 0001:0000e9a4       __scrt_dllmain_uninitialize_c 000000018000f9a4 f   MSVCRT:utility.obj
 0001:0000e9d4       __scrt_dllmain_uninitialize_critical 000000018000f9d4 f   MSVCRT:utility.obj
 0001:0000e9e8       __scrt_initialize_crt      000000018000f9e8 f   MSVCRT:utility.obj
 0001:0000ea34       __scrt_initialize_onexit_tables 000000018000fa34 f   MSVCRT:utility.obj
 0001:0000eb0c       __scrt_is_nonwritable_in_current_image 000000018000fb0c f   MSVCRT:utility.obj
 0001:0000eba8       __scrt_release_startup_lock 000000018000fba8 f   MSVCRT:utility.obj
 0001:0000ebcc       __scrt_uninitialize_crt    000000018000fbcc f   MSVCRT:utility.obj
 0001:0000ebf8       _onexit                    000000018000fbf8 f   MSVCRT:utility.obj
 0001:0000ec48       at_quick_exit              000000018000fc48 f   MSVCRT:utility.obj
 0001:0000ec80       atexit                     000000018000fc80 f   MSVCRT:utility.obj
 0001:0000ec98       __scrt_get_dyn_tls_init_callback 000000018000fc98 f   MSVCRT:dyn_tls_init.obj
 0001:0000eca0       __crt_debugger_hook        000000018000fca0 f   MSVCRT:utility_desktop.obj
 0001:0000eca8       __scrt_fastfail            000000018000fca8 f   MSVCRT:utility_desktop.obj
 0001:0000edf4       __scrt_get_show_window_mode 000000018000fdf4 f   MSVCRT:utility_desktop.obj
 0001:0000ee30       __scrt_initialize_mta      000000018000fe30 f   MSVCRT:utility_desktop.obj
 0001:0000ee38       __scrt_initialize_winrt    000000018000fe38 f   MSVCRT:utility_desktop.obj
 0001:0000ee3c       __scrt_is_managed_app      000000018000fe3c f   MSVCRT:utility_desktop.obj
 0001:0000ee90       __scrt_set_unhandled_exception_filter 000000018000fe90 f   MSVCRT:utility_desktop.obj
 0001:0000eea0       __scrt_exe_initialize_mta  000000018000fea0 f   MSVCRT:utility_desktop.obj
 0001:0000eea0       __scrt_stub_for_initialize_mta 000000018000fea0 f   MSVCRT:utility_desktop.obj
 0001:0000eea4       __scrt_unhandled_exception_filter 000000018000fea4 f   MSVCRT:utility_desktop.obj
 0001:0000eedc       _RTC_Initialize            000000018000fedc f   MSVCRT:initsect.obj
 0001:0000ef18       _RTC_Terminate             000000018000ff18 f   MSVCRT:initsect.obj
 0001:0000ef54       _guard_check_icall_nop     000000018000ff54 f i MSVCRT:guard_support.obj
 0001:0000ef58       ReadNoFence64              000000018000ff58 f i MSVCRT:guard_support.obj
 0001:0000ef5c       ReadPointerNoFence         000000018000ff5c f i MSVCRT:guard_support.obj
 0001:0000ef60       _guard_icall_checks_enforced 000000018000ff60 f i MSVCRT:guard_support.obj
 0001:0000ef78       _guard_rf_checks_enforced  000000018000ff78 f i MSVCRT:guard_support.obj
 0001:0000ef7c       __isa_available_init       000000018000ff7c f   MSVCRT:cpu_disp.obj
 0001:0000f0f8       _get_startup_argv_mode     00000001800100f8 f   MSVCRT:argv_mode.obj
 0001:0000f100       __scrt_is_ucrt_dll_in_use  0000000180010100 f   MSVCRT:ucrt_detection.obj
 0001:0000f110       RtlCaptureContext          0000000180010110 f   kernel32:KERNEL32.dll
 0001:0000f116       RtlLookupFunctionEntry     0000000180010116 f   kernel32:KERNEL32.dll
 0001:0000f11c       RtlVirtualUnwind           000000018001011c f   kernel32:KERNEL32.dll
 0001:0000f122       UnhandledExceptionFilter   0000000180010122 f   kernel32:KERNEL32.dll
 0001:0000f128       SetUnhandledExceptionFilter 0000000180010128 f   kernel32:KERNEL32.dll
 0001:0000f12e       GetCurrentProcess          000000018001012e f   kernel32:KERNEL32.dll
 0001:0000f134       TerminateProcess           0000000180010134 f   kernel32:KERNEL32.dll
 0001:0000f13a       IsProcessorFeaturePresent  000000018001013a f   kernel32:KERNEL32.dll
 0001:0000f140       QueryPerformanceCounter    0000000180010140 f   kernel32:KERNEL32.dll
 0001:0000f146       GetCurrentProcessId        0000000180010146 f   kernel32:KERNEL32.dll
 0001:0000f14c       GetCurrentThreadId         000000018001014c f   kernel32:KERNEL32.dll
 0001:0000f152       GetSystemTimeAsFileTime    0000000180010152 f   kernel32:KERNEL32.dll
 0001:0000f158       DisableThreadLibraryCalls  0000000180010158 f   kernel32:KERNEL32.dll
 0001:0000f15e       InitializeSListHead        000000018001015e f   kernel32:KERNEL32.dll
 0001:0000f164       IsDebuggerPresent          0000000180010164 f   kernel32:KERNEL32.dll
 0001:0000f16a       GetStartupInfoW            000000018001016a f   kernel32:KERNEL32.dll
 0001:0000f170       GetModuleHandleW           0000000180010170 f   kernel32:KERNEL32.dll
 0001:0000f176       memset                     0000000180010176 f   vcruntime:VCRUNTIME140.dll
 0001:0000f17c       memcpy                     000000018001017c f   vcruntime:VCRUNTIME140.dll
 0001:0000f182       __C_specific_handler       0000000180010182 f   vcruntime:VCRUNTIME140.dll
 0001:0000f188       __std_type_info_destroy_list 0000000180010188 f   vcruntime:VCRUNTIME140.dll
 0001:0000f18e       strcmp                     000000018001018e f   ucrt:api-ms-win-crt-string-l1-1-0.dll
 0001:0000f194       strcat                     0000000180010194 f   ucrt:api-ms-win-crt-string-l1-1-0.dll
 0001:0000f19a       __stdio_common_vsprintf    000000018001019a f   ucrt:api-ms-win-crt-stdio-l1-1-0.dll
 0001:0000f1a0       free                       00000001800101a0 f   ucrt:api-ms-win-crt-heap-l1-1-0.dll
 0001:0000f1a6       malloc                     00000001800101a6 f   ucrt:api-ms-win-crt-heap-l1-1-0.dll
 0001:0000f1ac       strlen                     00000001800101ac f   ucrt:api-ms-win-crt-string-l1-1-0.dll
 0001:0000f1b2       _initterm                  00000001800101b2 f   ucrt:api-ms-win-crt-runtime-l1-1-0.dll
 0001:0000f1b8       _initterm_e                00000001800101b8 f   ucrt:api-ms-win-crt-runtime-l1-1-0.dll
 0001:0000f1be       _seh_filter_dll            00000001800101be f   ucrt:api-ms-win-crt-runtime-l1-1-0.dll
 0001:0000f1c4       _configure_narrow_argv     00000001800101c4 f   ucrt:api-ms-win-crt-runtime-l1-1-0.dll
 0001:0000f1ca       _initialize_narrow_environment 00000001800101ca f   ucrt:api-ms-win-crt-runtime-l1-1-0.dll
 0001:0000f1d0       _initialize_onexit_table   00000001800101d0 f   ucrt:api-ms-win-crt-runtime-l1-1-0.dll
 0001:0000f1d6       _register_onexit_function  00000001800101d6 f   ucrt:api-ms-win-crt-runtime-l1-1-0.dll
 0001:0000f1dc       _execute_onexit_table      00000001800101dc f   ucrt:api-ms-win-crt-runtime-l1-1-0.dll
 0001:0000f1e2       _crt_atexit                00000001800101e2 f   ucrt:api-ms-win-crt-runtime-l1-1-0.dll
 0001:0000f1e8       _crt_at_quick_exit         00000001800101e8 f   ucrt:api-ms-win-crt-runtime-l1-1-0.dll
 0001:0000f1ee       _cexit                     00000001800101ee f   ucrt:api-ms-win-crt-runtime-l1-1-0.dll
 0001:0000f1f4       terminate                  00000001800101f4 f   ucrt:api-ms-win-crt-runtime-l1-1-0.dll
 0001:0000f1fc       __scrt_stub_for_acrt_initialize 00000001800101fc f   MSVCRT:ucrt_stubs.obj
 0001:0000f1fc       __vcrt_initialize          00000001800101fc f   MSVCRT:ucrt_stubs.obj
 0001:0000f1fc       __acrt_initialize          00000001800101fc f   MSVCRT:ucrt_stubs.obj
 0001:0000f200       __vcrt_thread_attach       0000000180010200 f   MSVCRT:ucrt_stubs.obj
 0001:0000f200       __acrt_thread_attach       0000000180010200 f   MSVCRT:ucrt_stubs.obj
 0001:0000f200       __scrt_stub_for_acrt_thread_attach 0000000180010200 f   MSVCRT:ucrt_stubs.obj
 0001:0000f204       __scrt_stub_for_acrt_thread_detach 0000000180010204 f   MSVCRT:ucrt_stubs.obj
 0001:0000f204       __vcrt_thread_detach       0000000180010204 f   MSVCRT:ucrt_stubs.obj
 0001:0000f204       __acrt_thread_detach       0000000180010204 f   MSVCRT:ucrt_stubs.obj
 0001:0000f208       __vcrt_uninitialize        0000000180010208 f   MSVCRT:ucrt_stubs.obj
 0001:0000f208       __scrt_stub_for_acrt_uninitialize 0000000180010208 f   MSVCRT:ucrt_stubs.obj
 0001:0000f208       __acrt_uninitialize        0000000180010208 f   MSVCRT:ucrt_stubs.obj
 0001:0000f20c       __acrt_uninitialize_critical 000000018001020c f   MSVCRT:ucrt_stubs.obj
 0001:0000f20c       __scrt_stub_for_acrt_uninitialize_critical 000000018001020c f   MSVCRT:ucrt_stubs.obj
 0001:0000f20c       __vcrt_uninitialize_critical 000000018001020c f   MSVCRT:ucrt_stubs.obj
 0001:0000f210       _is_c_termination_complete 0000000180010210 f   MSVCRT:ucrt_stubs.obj
 0001:0000f210       __scrt_stub_for_is_c_termination_complete 0000000180010210 f   MSVCRT:ucrt_stubs.obj
 0001:0000f230       _guard_dispatch_icall_nop  0000000180010230 f   MSVCRT:guard_dispatch.obj
 0002:00000000       __imp_GetModuleHandleW     0000000180011000     kernel32:KERNEL32.dll
 0002:00000008       __imp_IsProcessorFeaturePresent 0000000180011008     kernel32:KERNEL32.dll
 0002:00000010       __imp_RtlCaptureContext    0000000180011010     kernel32:KERNEL32.dll
 0002:00000018       __imp_RtlLookupFunctionEntry 0000000180011018     kernel32:KERNEL32.dll
 0002:00000020       __imp_QueryPerformanceCounter 0000000180011020     kernel32:KERNEL32.dll
 0002:00000028       __imp_GetCurrentProcessId  0000000180011028     kernel32:KERNEL32.dll
 0002:00000030       __imp_GetCurrentThreadId   0000000180011030     kernel32:KERNEL32.dll
 0002:00000038       __imp_GetSystemTimeAsFileTime 0000000180011038     kernel32:KERNEL32.dll
 0002:00000040       __imp_DisableThreadLibraryCalls 0000000180011040     kernel32:KERNEL32.dll
 0002:00000048       __imp_InitializeSListHead  0000000180011048     kernel32:KERNEL32.dll
 0002:00000050       __imp_IsDebuggerPresent    0000000180011050     kernel32:KERNEL32.dll
 0002:00000058       __imp_GetStartupInfoW      0000000180011058     kernel32:KERNEL32.dll
 0002:00000060       __imp_GetCurrentProcess    0000000180011060     kernel32:KERNEL32.dll
 0002:00000068       __imp_SetUnhandledExceptionFilter 0000000180011068     kernel32:KERNEL32.dll
 0002:00000070       __imp_UnhandledExceptionFilter 0000000180011070     kernel32:KERNEL32.dll
 0002:00000078       __imp_RtlVirtualUnwind     0000000180011078     kernel32:KERNEL32.dll
 0002:00000080       __imp_TerminateProcess     0000000180011080     kernel32:KERNEL32.dll
 0002:00000088       \177KERNEL32_NULL_THUNK_DATA 0000000180011088     kernel32:KERNEL32.dll
 0002:00000090       __imp_memcpy               0000000180011090     vcruntime:VCRUNTIME140.dll
 0002:00000098       __imp___std_type_info_destroy_list 0000000180011098     vcruntime:VCRUNTIME140.dll
 0002:000000a0       __imp_memset               00000001800110a0     vcruntime:VCRUNTIME140.dll
 0002:000000a8       __imp___C_specific_handler 00000001800110a8     vcruntime:VCRUNTIME140.dll
 0002:000000b0       \177VCRUNTIME140_NULL_THUNK_DATA 00000001800110b0     vcruntime:VCRUNTIME140.dll
 0002:000000b8       __imp_malloc               00000001800110b8     ucrt:api-ms-win-crt-heap-l1-1-0.dll
 0002:000000c0       __imp_free                 00000001800110c0     ucrt:api-ms-win-crt-heap-l1-1-0.dll
 0002:000000c8       \177api-ms-win-crt-heap-l1-1-0_NULL_THUNK_DATA 00000001800110c8     ucrt:api-ms-win-crt-heap-l1-1-0.dll
 0002:000000d0       __imp__configure_narrow_argv 00000001800110d0     ucrt:api-ms-win-crt-runtime-l1-1-0.dll
 0002:000000d8       __imp__seh_filter_dll      00000001800110d8     ucrt:api-ms-win-crt-runtime-l1-1-0.dll
 0002:000000e0       __imp__initterm_e          00000001800110e0     ucrt:api-ms-win-crt-runtime-l1-1-0.dll
 0002:000000e8       __imp__initialize_narrow_environment 00000001800110e8     ucrt:api-ms-win-crt-runtime-l1-1-0.dll
 0002:000000f0       __imp__initialize_onexit_table 00000001800110f0     ucrt:api-ms-win-crt-runtime-l1-1-0.dll
 0002:000000f8       __imp__register_onexit_function 00000001800110f8     ucrt:api-ms-win-crt-runtime-l1-1-0.dll
 0002:00000100       __imp__execute_onexit_table 0000000180011100     ucrt:api-ms-win-crt-runtime-l1-1-0.dll
 0002:00000108       __imp__crt_atexit          0000000180011108     ucrt:api-ms-win-crt-runtime-l1-1-0.dll
 0002:00000110       __imp__crt_at_quick_exit   0000000180011110     ucrt:api-ms-win-crt-runtime-l1-1-0.dll
 0002:00000118       __imp__cexit               0000000180011118     ucrt:api-ms-win-crt-runtime-l1-1-0.dll
 0002:00000120       __imp_terminate            0000000180011120     ucrt:api-ms-win-crt-runtime-l1-1-0.dll
 0002:00000128       __imp__initterm            0000000180011128     ucrt:api-ms-win-crt-runtime-l1-1-0.dll
 0002:00000130       \177api-ms-win-crt-runtime-l1-1-0_NULL_THUNK_DATA 0000000180011130     ucrt:api-ms-win-crt-runtime-l1-1-0.dll
 0002:00000138       __imp___stdio_common_vsprintf 0000000180011138     ucrt:api-ms-win-crt-stdio-l1-1-0.dll
 0002:00000140       \177api-ms-win-crt-stdio-l1-1-0_NULL_THUNK_DATA 0000000180011140     ucrt:api-ms-win-crt-stdio-l1-1-0.dll
 0002:00000148       __imp_strlen               0000000180011148     ucrt:api-ms-win-crt-string-l1-1-0.dll
 0002:00000150       __imp_strcat               0000000180011150     ucrt:api-ms-win-crt-string-l1-1-0.dll
 0002:00000158       __imp_strcmp               0000000180011158     ucrt:api-ms-win-crt-string-l1-1-0.dll
 0002:00000160       \177api-ms-win-crt-string-l1-1-0_NULL_THUNK_DATA 0000000180011160     ucrt:api-ms-win-crt-string-l1-1-0.dll
 0002:00000168       __imp_covrtCreateStateflowInstanceData 0000000180011168     libcovrt:libcovrt.dll
 0002:00000170       __imp_covrtEmlFcnEval      0000000180011170     libcovrt:libcovrt.dll
 0002:00000178       __imp_covrtEmlFcnInitFcn   0000000180011178     libcovrt:libcovrt.dll
 0002:00000180       __imp_covrtEmlInitFcn      0000000180011180     libcovrt:libcovrt.dll
 0002:00000188       __imp_covrtSigUpdateFcn    0000000180011188     libcovrt:libcovrt.dll
 0002:00000190       __imp_covrtChartInitFcn    0000000180011190     libcovrt:libcovrt.dll
 0002:00000198       __imp_covrtStateInitFcn    0000000180011198     libcovrt:libcovrt.dll
 0002:000001a0       __imp_covrtTransInitFcn    00000001800111a0     libcovrt:libcovrt.dll
 0002:000001a8       __imp_covrtDeleteStateflowInstanceData 00000001800111a8     libcovrt:libcovrt.dll
 0002:000001b0       \177libcovrt_NULL_THUNK_DATA 00000001800111b0     libcovrt:libcovrt.dll
 0002:000001b8       __imp_emlrtNameCaptureMxArrayR2016a 00000001800111b8     libemlrt:libemlrt.dll
 0002:000001c0       \177libemlrt_NULL_THUNK_DATA 00000001800111c0     libemlrt:libemlrt.dll
 0002:000001c8       __imp_mexIsLocked_800      00000001800111c8     libmex:libmex.dll
 0002:000001d0       __imp_mexMakeArrayPersistent_800 00000001800111d0     libmex:libmex.dll
 0002:000001d8       __imp_mexErrMsgTxt_800     00000001800111d8     libmex:libmex.dll
 0002:000001e0       __imp_mexWarnMsgTxt_800    00000001800111e0     libmex:libmex.dll
 0002:000001e8       __imp_mexCallMATLAB_800    00000001800111e8     libmex:libmex.dll
 0002:000001f0       __imp_mexLock_800          00000001800111f0     libmex:libmex.dll
 0002:000001f8       __imp_mexUnlock_800        00000001800111f8     libmex:libmex.dll
 0002:00000200       \177libmex_NULL_THUNK_DATA 0000000180011200     libmex:libmex.dll
 0002:00000208       __imp_mxCreateStructMatrix_800 0000000180011208     libmx:libmx.dll
 0002:00000210       __imp_mxGetScalar_800      0000000180011210     libmx:libmx.dll
 0002:00000218       __imp_mxGetPr_800          0000000180011218     libmx:libmx.dll
 0002:00000220       __imp_mxDestroyArray_800   0000000180011220     libmx:libmx.dll
 0002:00000228       __imp_mxCreateDoubleScalar_800 0000000180011228     libmx:libmx.dll
 0002:00000230       __imp_mxGetN_800           0000000180011230     libmx:libmx.dll
 0002:00000238       __imp_mxIsComplex_800      0000000180011238     libmx:libmx.dll
 0002:00000240       __imp_mxIsNumeric_800      0000000180011240     libmx:libmx.dll
 0002:00000248       __imp_mxGetClassID_800     0000000180011248     libmx:libmx.dll
 0002:00000250       __imp_mxGetM_800           0000000180011250     libmx:libmx.dll
 0002:00000258       __imp_mxCalloc_800         0000000180011258     libmx:libmx.dll
 0002:00000260       __imp_mxIsChar_800         0000000180011260     libmx:libmx.dll
 0002:00000268       __imp_mxCreateCellMatrix_800 0000000180011268     libmx:libmx.dll
 0002:00000270       __imp_mxCreateString_800   0000000180011270     libmx:libmx.dll
 0002:00000278       __imp_mxSetField_800       0000000180011278     libmx:libmx.dll
 0002:00000280       __imp_mxSetCell_800        0000000180011280     libmx:libmx.dll
 0002:00000288       __imp_mxDuplicateArray_800 0000000180011288     libmx:libmx.dll
 0002:00000290       __imp_mxGetString_800      0000000180011290     libmx:libmx.dll
 0002:00000298       __imp_mxCreateDoubleMatrix_800 0000000180011298     libmx:libmx.dll
 0002:000002a0       \177libmx_NULL_THUNK_DATA  00000001800112a0     libmx:libmx.dll
 0002:000002a8       __imp_utMalloc             00000001800112a8     libut:libut.dll
 0002:000002b0       __imp_utFree               00000001800112b0     libut:libut.dll
 0002:000002b8       \177libut_NULL_THUNK_DATA  00000001800112b8     libut:libut.dll
 0002:000002c0       __imp_sf_mex_decode        00000001800112c0     sf_runtime:sf_runtime.dll
 0002:000002c8       __imp_sf_clear_error_manager_info 00000001800112c8     sf_runtime:sf_runtime.dll
 0002:000002d0       __imp_sf_mex_error_direct_call 00000001800112d0     sf_runtime:sf_runtime.dll
 0002:000002d8       __imp_getRuntimeInstanceInfoAsVoid 00000001800112d8     sf_runtime:sf_runtime.dll
 0002:000002e0       __imp_call_sf_machine_global_method_dispatcher 00000001800112e0     sf_runtime:sf_runtime.dll
 0002:000002e8       __imp_callMdlMethodAndReportError 00000001800112e8     sf_runtime:sf_runtime.dll
 0002:000002f0       __imp_sf_get_hasSeparateUpdateOutputs 00000001800112f0     sf_runtime:sf_runtime.dll
 0002:000002f8       __imp_sf_get_ChartInfoStruct_CodeGen 00000001800112f8     sf_runtime:sf_runtime.dll
 0002:00000300       __imp_ssGetOutputPortSignal_wrapper 0000000180011300     sf_runtime:sf_runtime.dll
 0002:00000308       __imp_sf_mex_import        0000000180011308     sf_runtime:sf_runtime.dll
 0002:00000310       __imp_sf_mex_destroy       0000000180011310     sf_runtime:sf_runtime.dll
 0002:00000318       __imp_sf_mex_dup           0000000180011318     sf_runtime:sf_runtime.dll
 0002:00000320       __imp_sf_mex_assign        0000000180011320     sf_runtime:sf_runtime.dll
 0002:00000328       __imp_sf_mex_getcell       0000000180011328     sf_runtime:sf_runtime.dll
 0002:00000330       __imp_sf_mex_setcell       0000000180011330     sf_runtime:sf_runtime.dll
 0002:00000338       __imp_sf_mex_createcellmatrix 0000000180011338     sf_runtime:sf_runtime.dll
 0002:00000340       __imp_sf_mex_create        0000000180011340     sf_runtime:sf_runtime.dll
 0002:00000348       __imp_sf_mex_error_message 0000000180011348     sf_runtime:sf_runtime.dll
 0002:00000350       __imp_sfListenerInitializeRuntimeVars 0000000180011350     sf_runtime:sf_runtime.dll
 0002:00000358       __imp_sfListenerLightTerminate 0000000180011358     sf_runtime:sf_runtime.dll
 0002:00000360       __imp_sfListenerCacheSimStruct 0000000180011360     sf_runtime:sf_runtime.dll
 0002:00000368       __imp_sf_set_work_widths   0000000180011368     sf_runtime:sf_runtime.dll
 0002:00000370       __imp_sf_warn_if_symbolic_dimension_param_changed 0000000180011370     sf_runtime:sf_runtime.dll
 0002:00000378       __imp_setDebuggerFlag      0000000180011378     sf_runtime:sf_runtime.dll
 0002:00000380       __imp_setLegacyDebuggerFlag 0000000180011380     sf_runtime:sf_runtime.dll
 0002:00000388       __imp_setDataBrowseFcn     0000000180011388     sf_runtime:sf_runtime.dll
 0002:00000390       __imp_sfDoAnimationWrapper 0000000180011390     sf_runtime:sf_runtime.dll
 0002:00000398       __imp_sf_get_time          0000000180011398     sf_runtime:sf_runtime.dll
 0002:000003a0       __imp_sf_clear_rtw_identifier 00000001800113a0     sf_runtime:sf_runtime.dll
 0002:000003a8       __imp_sim_mode_is_external 00000001800113a8     sf_runtime:sf_runtime.dll
 0002:000003b0       __imp_sim_mode_is_rtw_gen  00000001800113b0     sf_runtime:sf_runtime.dll
 0002:000003b8       __imp_sf_get_chart_instance_ptr 00000001800113b8     sf_runtime:sf_runtime.dll
 0002:000003c0       __imp_sfrtGetCovrtInstance 00000001800113c0     sf_runtime:sf_runtime.dll
 0002:000003c8       __imp_sfrtGetEmlrtCtx      00000001800113c8     sf_runtime:sf_runtime.dll
 0002:000003d0       __imp_sf_free_ChartRunTimeInfo 00000001800113d0     sf_runtime:sf_runtime.dll
 0002:000003d8       __imp_sf_init_ChartRunTimeInfo 00000001800113d8     sf_runtime:sf_runtime.dll
 0002:000003e0       __imp_sf_load_rtw_optimization_info 00000001800113e0     sf_runtime:sf_runtime.dll
 0002:000003e8       \177sf_runtime_NULL_THUNK_DATA 00000001800113e8     sf_runtime:sf_runtime.dll
 0002:000003f0       __guard_check_icall_fptr   00000001800113f0     MSVCRT:guard_support.obj
 0002:000003f8       __guard_dispatch_icall_fptr 00000001800113f8     MSVCRT:guard_support.obj
 0002:00000400       __xc_a                     0000000180011400     MSVCRT:initializers.obj
 0002:00000408       __xc_z                     0000000180011408     MSVCRT:initializers.obj
 0002:00000410       __xi_a                     0000000180011410     MSVCRT:initializers.obj
 0002:00000418       __xi_z                     0000000180011418     MSVCRT:initializers.obj
 0002:00000420       __xp_a                     0000000180011420     MSVCRT:initializers.obj
 0002:00000428       __xp_z                     0000000180011428     MSVCRT:initializers.obj
 0002:00000430       __xt_a                     0000000180011430     MSVCRT:initializers.obj
 0002:00000438       __xt_z                     0000000180011438     MSVCRT:initializers.obj
 0002:00000440       __real@41b767afd1000000    0000000180011440     motor_model_updated_sfun.obj
 0002:00000448       __real@41c2390cd0000000    0000000180011448     motor_model_updated_sfun.obj
 0002:00000450       __real@41c6abaee8800000    0000000180011450     motor_model_updated_sfun.obj
 0002:00000458       __real@41d8178784c00000    0000000180011458     motor_model_updated_sfun.obj
 0002:00000460       __real@41d8a26b38800000    0000000180011460     motor_model_updated_sfun.obj
 0002:00000468       __real@41ddac6f39400000    0000000180011468     motor_model_updated_sfun.obj
 0002:00000470       __real@41ddf256c9400000    0000000180011470     motor_model_updated_sfun.obj
 0002:00000478       __real@41e384a628a00000    0000000180011478     motor_model_updated_sfun.obj
 0002:00000480       __real@41e9a05ab9200000    0000000180011480     motor_model_updated_sfun.obj
 0002:00000488       __real@41ee1f83ba400000    0000000180011488     motor_model_updated_sfun.obj
 0002:00000490       __real@41eef063a8600000    0000000180011490     motor_model_updated_sfun.obj
 0002:00000498       __real@41ef00c6cea00000    0000000180011498     motor_model_updated_sfun.obj
 0002:000004a8       __real@4014000000000000    00000001800114a8     c5_motor_model_updated.obj
 0002:000004b0       __real@41c3b48aea800000    00000001800114b0     c5_motor_model_updated.obj
 0002:000004b8       __real@41d0e0cc36400000    00000001800114b8     c5_motor_model_updated.obj
 0002:000004c0       __real@41e79e6e75000000    00000001800114c0     c5_motor_model_updated.obj
 0002:000004c8       __real@41ea850d29000000    00000001800114c8     c5_motor_model_updated.obj
 0002:000004d8       __real@41df47197e800000    00000001800114d8     c6_motor_model_updated.obj
 0002:000004e0       __real@41e8fdd233400000    00000001800114e0     c6_motor_model_updated.obj
 0002:000004e8       __real@41eafb1936800000    00000001800114e8     c6_motor_model_updated.obj
 0002:000004f0       __real@41efb38c91e00000    00000001800114f0     c6_motor_model_updated.obj
 0002:000004f8       DYNAMIC_DIMENSION_DEF      00000001800114f8     motor_model_updated_sfun_registry.obj
 0002:00000510       __real@0000000000000000    0000000180011510     motor_model_updated_sfun_registry.obj
 0002:00000518       __real@4010000000000000    0000000180011518     motor_model_updated_sfun_registry.obj
 0002:00000520       __real@41602cbca0000000    0000000180011520     motor_model_updated_sfun_registry.obj
 0002:00000528       __real@bff0000000000000    0000000180011528     motor_model_updated_sfun_registry.obj
 0002:00000540       _pDefaultRawDllMain        0000000180011540     MSVCRT:dll_dllmain.obj
 0002:00000540       _pRawDllMain               0000000180011540     MSVCRT:dll_dllmain.obj
 0002:00000570       _load_config_used          0000000180011570     MSVCRT:loadcfg.obj
 0002:00000888       __rtc_iaa                  0000000180011888     MSVCRT:initsect.obj
 0002:00000890       __rtc_izz                  0000000180011890     MSVCRT:initsect.obj
 0002:00000898       __rtc_taa                  0000000180011898     MSVCRT:initsect.obj
 0002:000008a0       __rtc_tzz                  00000001800118a0     MSVCRT:initsect.obj
 0002:000012f4       __IMPORT_DESCRIPTOR_sf_runtime 00000001800122f4     sf_runtime:sf_runtime.dll
 0002:00001308       __IMPORT_DESCRIPTOR_libmx  0000000180012308     libmx:libmx.dll
 0002:0000131c       __IMPORT_DESCRIPTOR_libmex 000000018001231c     libmex:libmex.dll
 0002:00001330       __IMPORT_DESCRIPTOR_libut  0000000180012330     libut:libut.dll
 0002:00001344       __IMPORT_DESCRIPTOR_libemlrt 0000000180012344     libemlrt:libemlrt.dll
 0002:00001358       __IMPORT_DESCRIPTOR_libcovrt 0000000180012358     libcovrt:libcovrt.dll
 0002:0000136c       __IMPORT_DESCRIPTOR_KERNEL32 000000018001236c     kernel32:KERNEL32.dll
 0002:00001380       __IMPORT_DESCRIPTOR_VCRUNTIME140 0000000180012380     vcruntime:VCRUNTIME140.dll
 0002:00001394       __IMPORT_DESCRIPTOR_api-ms-win-crt-string-l1-1-0 0000000180012394     ucrt:api-ms-win-crt-string-l1-1-0.dll
 0002:000013a8       __IMPORT_DESCRIPTOR_api-ms-win-crt-stdio-l1-1-0 00000001800123a8     ucrt:api-ms-win-crt-stdio-l1-1-0.dll
 0002:000013bc       __IMPORT_DESCRIPTOR_api-ms-win-crt-heap-l1-1-0 00000001800123bc     ucrt:api-ms-win-crt-heap-l1-1-0.dll
 0002:000013d0       __IMPORT_DESCRIPTOR_api-ms-win-crt-runtime-l1-1-0 00000001800123d0     ucrt:api-ms-win-crt-runtime-l1-1-0.dll
 0002:000013e4       __NULL_IMPORT_DESCRIPTOR   00000001800123e4     sf_runtime:sf_runtime.dll
 0003:000053e0       DYNAMIC_DIMENSION          00000001800193e0     motor_model_updated_sfun_registry.obj
 0003:00007910       __security_cookie_complement 000000018001b910     MSVCRT:gs_cookie.obj
 0003:00007918       __security_cookie          000000018001b918     MSVCRT:gs_cookie.obj
 0003:00007920       _fltused                   000000018001b920     MSVCRT:fltused.obj
 0003:00007924       __scrt_native_dllmain_reason 000000018001b924     MSVCRT:utility.obj
 0003:00007928       __isa_available            000000018001b928     MSVCRT:cpu_disp.obj
 0003:0000792c       __isa_enabled              000000018001b92c     MSVCRT:cpu_disp.obj
 0003:00007930       __memcpy_nt_iters          000000018001b930     MSVCRT:cpu_disp.obj
 0003:00007940       __scrt_ucrt_dll_is_in_use  000000018001b940     MSVCRT:ucrt_stubs.obj
 0003:000082e8       analogPinHandleMap         000000018001c2e8     ArduinoPinHandleMap.obj
 0003:000082f8       PWMPinHandleMap            000000018001c2f8     ArduinoPinHandleMap.obj
 0003:00008890       ?__type_info_root_node@@3U__type_info_node@@A 000000018001c890     MSVCRT:tncleanup.obj
 0003:000088a0       ?_OptionsStorage@?1??__local_stdio_printf_options@@9@4_KA 000000018001c8a0     MSVCRT:default_local_stdio_options.obj
 0003:000088a8       ?_OptionsStorage@?1??__local_stdio_scanf_options@@9@4_KA 000000018001c8a8     MSVCRT:default_local_stdio_options.obj
 0003:000088b0       __scrt_current_native_startup_state 000000018001c8b0     MSVCRT:utility.obj
 0003:000088b8       __scrt_native_startup_lock 000000018001c8b8     MSVCRT:utility.obj
 0003:000088f8       __scrt_debugger_hook_flag  000000018001c8f8     MSVCRT:utility_desktop.obj
 0003:000088fc       __favor                    000000018001c8fc     MSVCRT:cpu_disp.obj
 0003:00008900       ?_OptionsStorage@?1??__local_stdio_printf_options@@9@9 000000018001c900     <common>
 0003:00008908       __dyn_tls_init_callback    000000018001c908     <common>

 entry point at        0001:0000e5d8

 Static symbols

 0000:00000000       .debug$S                   0000000180000000     sf_runtime:sf_runtime.dll
 0000:00000000       .debug$S                   0000000180000000     sf_runtime:sf_runtime.dll
 0000:00000000       .debug$S                   0000000180000000     sf_runtime:sf_runtime.dll
 0000:00000000       .debug$S                   0000000180000000     sf_runtime:sf_runtime.dll
 0000:00000000       .debug$S                   0000000180000000     sf_runtime:sf_runtime.dll
 0000:00000000       .debug$S                   0000000180000000     sf_runtime:sf_runtime.dll
 0000:00000000       .debug$S                   0000000180000000     motor_model_updated_sfun.exp
 0000:00000000       .debug$S                   0000000180000000     sf_runtime:sf_runtime.dll
 0000:00000000       .debug$S                   0000000180000000     sf_runtime:sf_runtime.dll
 0000:00000000       .debug$S                   0000000180000000     sf_runtime:sf_runtime.dll
 0000:00000000       .debug$S                   0000000180000000     sf_runtime:sf_runtime.dll
 0000:00000000       .debug$S                   0000000180000000     sf_runtime:sf_runtime.dll
 0000:00000000       .debug$S                   0000000180000000     ucrt:api-ms-win-crt-runtime-l1-1-0.dll
 0000:00000000       .debug$S                   0000000180000000     ucrt:api-ms-win-crt-runtime-l1-1-0.dll
 0000:00000000       .debug$S                   0000000180000000     ucrt:api-ms-win-crt-runtime-l1-1-0.dll
 0000:00000000       .debug$S                   0000000180000000     ucrt:api-ms-win-crt-runtime-l1-1-0.dll
 0000:00000000       .debug$S                   0000000180000000     ucrt:api-ms-win-crt-runtime-l1-1-0.dll
 0000:00000000       .debug$S                   0000000180000000     ucrt:api-ms-win-crt-runtime-l1-1-0.dll
 0000:00000000       .debug$S                   0000000180000000     ucrt:api-ms-win-crt-runtime-l1-1-0.dll
 0000:00000000       .debug$S                   0000000180000000     ucrt:api-ms-win-crt-runtime-l1-1-0.dll
 0000:00000000       .debug$S                   0000000180000000     ucrt:api-ms-win-crt-runtime-l1-1-0.dll
 0000:00000000       .debug$S                   0000000180000000     ucrt:api-ms-win-crt-runtime-l1-1-0.dll
 0000:00000000       .debug$S                   0000000180000000     ucrt:api-ms-win-crt-runtime-l1-1-0.dll
 0000:00000000       .debug$S                   0000000180000000     ucrt:api-ms-win-crt-runtime-l1-1-0.dll
 0000:00000000       .debug$S                   0000000180000000     ucrt:api-ms-win-crt-string-l1-1-0.dll
 0000:00000000       .debug$S                   0000000180000000     ucrt:api-ms-win-crt-heap-l1-1-0.dll
 0000:00000000       .debug$S                   0000000180000000     ucrt:api-ms-win-crt-heap-l1-1-0.dll
 0000:00000000       .debug$S                   0000000180000000     ucrt:api-ms-win-crt-stdio-l1-1-0.dll
 0000:00000000       .debug$S                   0000000180000000     ucrt:api-ms-win-crt-string-l1-1-0.dll
 0000:00000000       .debug$S                   0000000180000000     ucrt:api-ms-win-crt-string-l1-1-0.dll
 0000:00000000       .debug$S                   0000000180000000     sf_runtime:sf_runtime.dll
 0000:00000000       .debug$S                   0000000180000000     vcruntime:VCRUNTIME140.dll
 0000:00000000       .debug$S                   0000000180000000     vcruntime:VCRUNTIME140.dll
 0000:00000000       .debug$S                   0000000180000000     vcruntime:VCRUNTIME140.dll
 0000:00000000       .debug$S                   0000000180000000     vcruntime:VCRUNTIME140.dll
 0000:00000000       .debug$S                   0000000180000000     sf_runtime:sf_runtime.dll
 0000:00000000       .debug$S                   0000000180000000     kernel32:KERNEL32.dll
 0000:00000000       .debug$S                   0000000180000000     kernel32:KERNEL32.dll
 0000:00000000       .debug$S                   0000000180000000     kernel32:KERNEL32.dll
 0000:00000000       .debug$S                   0000000180000000     kernel32:KERNEL32.dll
 0000:00000000       .debug$S                   0000000180000000     kernel32:KERNEL32.dll
 0000:00000000       .debug$S                   0000000180000000     kernel32:KERNEL32.dll
 0000:00000000       .debug$S                   0000000180000000     kernel32:KERNEL32.dll
 0000:00000000       .debug$S                   0000000180000000     kernel32:KERNEL32.dll
 0000:00000000       .debug$S                   0000000180000000     kernel32:KERNEL32.dll
 0000:00000000       .debug$S                   0000000180000000     kernel32:KERNEL32.dll
 0000:00000000       .debug$S                   0000000180000000     kernel32:KERNEL32.dll
 0000:00000000       .debug$S                   0000000180000000     kernel32:KERNEL32.dll
 0000:00000000       .debug$S                   0000000180000000     kernel32:KERNEL32.dll
 0000:00000000       .debug$S                   0000000180000000     kernel32:KERNEL32.dll
 0000:00000000       .debug$S                   0000000180000000     kernel32:KERNEL32.dll
 0000:00000000       .debug$S                   0000000180000000     kernel32:KERNEL32.dll
 0000:00000000       .debug$S                   0000000180000000     kernel32:KERNEL32.dll
 0000:00000000       .debug$S                   0000000180000000     sf_runtime:sf_runtime.dll
 0000:00000000       .debug$S                   0000000180000000     sf_runtime:sf_runtime.dll
 0000:00000000       .debug$S                   0000000180000000     libcovrt:libcovrt.dll
 0000:00000000       .debug$S                   0000000180000000     sf_runtime:sf_runtime.dll
 0002:fffef000       __guard_fids__guard_icall_checks_enforced 0000000180000000     MSVCRT:guard_support.obj
 0002:fffef000       __guard_fids__             0000000180000000     MSVCRT:guard_support.obj
 0000:00000000       .debug$S                   0000000180000000     libcovrt:libcovrt.dll
 0000:00000000       .debug$S                   0000000180000000     sf_runtime:sf_runtime.dll
 0000:00000000       .debug$S                   0000000180000000     libcovrt:libcovrt.dll
 0000:00000000       .debug$S                   0000000180000000     sf_runtime:sf_runtime.dll
 0000:00000000       .debug$S                   0000000180000000     sf_runtime:sf_runtime.dll
 0000:00000000       .debug$S                   0000000180000000     sf_runtime:sf_runtime.dll
 0000:00000000       .debug$S                   0000000180000000     libcovrt:libcovrt.dll
 0000:00000000       .debug$S                   0000000180000000     sf_runtime:sf_runtime.dll
 0002:fffef000       __guard_fids___scrt_set_unhandled_exception_filter 0000000180000000     MSVCRT:utility_desktop.obj
 0000:00000000       .debug$S                   0000000180000000     libcovrt:libcovrt.dll
 0000:00000000       .debug$S                   0000000180000000     sf_runtime:sf_runtime.dll
 0000:00000000       .debug$S                   0000000180000000     libcovrt:libcovrt.dll
 0000:00000000       .debug$S                   0000000180000000     sf_runtime:sf_runtime.dll
 0000:00000000       .debug$S                   0000000180000000     libcovrt:libcovrt.dll
 0000:00000000       .debug$S                   0000000180000000     libcovrt:libcovrt.dll
 0000:00000000       .debug$S                   0000000180000000     libcovrt:libcovrt.dll
 0000:00000000       .debug$S                   0000000180000000     sf_runtime:sf_runtime.dll
 0000:00000000       .debug$S                   0000000180000000     libemlrt:libemlrt.dll
 0000:00000000       .debug$S                   0000000180000000     sf_runtime:sf_runtime.dll
 0000:00000000       .debug$S                   0000000180000000     sf_runtime:sf_runtime.dll
 0000:00000000       .debug$S                   0000000180000000     sf_runtime:sf_runtime.dll
 0000:00000000       .debug$S                   0000000180000000     libut:libut.dll
 0000:00000000       .debug$S                   0000000180000000     sf_runtime:sf_runtime.dll
 0000:00000000       .debug$S                   0000000180000000     libut:libut.dll
 0000:00000000       .debug$S                   0000000180000000     sf_runtime:sf_runtime.dll
 0000:00000000       .debug$S                   0000000180000000     sf_runtime:sf_runtime.dll
 0000:00000000       .debug$S                   0000000180000000     sf_runtime:sf_runtime.dll
 0000:00000000       .debug$S                   0000000180000000     libmex:libmex.dll
 0000:00000000       .debug$S                   0000000180000000     sf_runtime:sf_runtime.dll
 0000:00000000       .debug$S                   0000000180000000     libmex:libmex.dll
 0000:00000000       .debug$S                   0000000180000000     sf_runtime:sf_runtime.dll
 0000:00000000       .debug$S                   0000000180000000     libmex:libmex.dll
 0000:00000000       .debug$S                   0000000180000000     sf_runtime:sf_runtime.dll
 0000:00000000       .debug$S                   0000000180000000     libmex:libmex.dll
 0000:00000000       .debug$S                   0000000180000000     sf_runtime:sf_runtime.dll
 0000:00000000       .debug$S                   0000000180000000     libmex:libmex.dll
 0000:00000000       .debug$S                   0000000180000000     libmx:libmx.dll
 0000:00000000       .debug$S                   0000000180000000     libmex:libmex.dll
 0000:00000000       .debug$S                   0000000180000000     libmx:libmx.dll
 0000:00000000       .debug$S                   0000000180000000     libmex:libmex.dll
 0000:00000000       .debug$S                   0000000180000000     libmx:libmx.dll
 0000:00000000       .debug$S                   0000000180000000     sf_runtime:sf_runtime.dll
 0000:00000000       .debug$S                   0000000180000000     libmx:libmx.dll
 0000:00000000       .debug$S                   0000000180000000     libmx:libmx.dll
 0000:00000000       .debug$S                   0000000180000000     libmx:libmx.dll
 0002:fffef000       __guard_fids_?dllmain_dispatch@@YAHQEAUHINSTANCE__@@KQEAX@Z 0000000180000000     MSVCRT:dll_dllmain.obj
 0000:00000000       .debug$S                   0000000180000000     libmx:libmx.dll
 0000:00000000       .debug$S                   0000000180000000     libmx:libmx.dll
 0000:00000000       .debug$S                   0000000180000000     libmx:libmx.dll
 0000:00000000       .debug$S                   0000000180000000     libmx:libmx.dll
 0000:00000000       .debug$S                   0000000180000000     libmx:libmx.dll
 0000:00000000       .debug$S                   0000000180000000     libmx:libmx.dll
 0000:00000000       .debug$S                   0000000180000000     libmx:libmx.dll
 0000:00000000       .debug$S                   0000000180000000     libmx:libmx.dll
 0000:00000000       .debug$S                   0000000180000000     libmx:libmx.dll
 0000:00000000       .debug$S                   0000000180000000     libmx:libmx.dll
 0000:00000000       .debug$S                   0000000180000000     libmx:libmx.dll
 0000:00000000       .debug$S                   0000000180000000     libmx:libmx.dll
 0000:00000000       .debug$S                   0000000180000000     libmx:libmx.dll
 0000:00000000       .debug$S                   0000000180000000     sf_runtime:sf_runtime.dll
 0001:000013a0       initialize_c5_motor_model_updated 00000001800023a0 f   c5_motor_model_updated.obj
 0001:00001400       initialize_params_c5_motor_model_updated 0000000180002400 f   c5_motor_model_updated.obj
 0001:00001410       enable_c5_motor_model_updated 0000000180002410 f   c5_motor_model_updated.obj
 0001:00001440       disable_c5_motor_model_updated 0000000180002440 f   c5_motor_model_updated.obj
 0001:00001470       c5_do_animation_call_c5_motor_model_updated 0000000180002470 f   c5_motor_model_updated.obj
 0001:000014b0       get_sim_state_c5_motor_model_updated 00000001800024b0 f   c5_motor_model_updated.obj
 0001:00001610       set_sim_state_c5_motor_model_updated 0000000180002610 f   c5_motor_model_updated.obj
 0001:000016d0       sf_gateway_c5_motor_model_updated 00000001800026d0 f   c5_motor_model_updated.obj
 0001:000019b0       mdl_start_c5_motor_model_updated 00000001800029b0 f   c5_motor_model_updated.obj
 0001:000019c0       mdl_terminate_c5_motor_model_updated 00000001800029c0 f   c5_motor_model_updated.obj
 0001:000019d0       mdl_setup_runtime_resources_c5_motor_model_updated 00000001800029d0 f   c5_motor_model_updated.obj
 0001:00001c20       mdl_cleanup_runtime_resources_c5_motor_model_updated 0000000180002c20 f   c5_motor_model_updated.obj
 0001:00001c60       initSimStructsc5_motor_model_updated 0000000180002c60 f   c5_motor_model_updated.obj
 0001:00001c70       c5_emlrt_marshallIn        0000000180002c70 f   c5_motor_model_updated.obj
 0001:00001ce0       c5_b_emlrt_marshallIn      0000000180002ce0 f   c5_motor_model_updated.obj
 0001:00001d70       c5_c_emlrt_marshallIn      0000000180002d70 f   c5_motor_model_updated.obj
 0001:00001de0       c5_d_emlrt_marshallIn      0000000180002de0 f   c5_motor_model_updated.obj
 0001:00001e70       c5_chart_data_browse_helper 0000000180002e70 f   c5_motor_model_updated.obj
 0001:00001f10       init_dsm_address_info      0000000180002f10 f   c5_motor_model_updated.obj
 0001:00001f20       init_simulink_io_address   0000000180002f20 f   c5_motor_model_updated.obj
 0001:000021d0       sf_get_sim_state_info_c5_motor_model_updated 00000001800031d0 f   c5_motor_model_updated.obj
 0001:00002290       sf_opaque_initialize_c5_motor_model_updated 0000000180003290 f   c5_motor_model_updated.obj
 0001:000022c0       sf_opaque_enable_c5_motor_model_updated 00000001800032c0 f   c5_motor_model_updated.obj
 0001:000022e0       sf_opaque_disable_c5_motor_model_updated 00000001800032e0 f   c5_motor_model_updated.obj
 0001:00002300       sf_opaque_gateway_c5_motor_model_updated 0000000180003300 f   c5_motor_model_updated.obj
 0001:00002320       sf_opaque_get_sim_state_c5_motor_model_updated 0000000180003320 f   c5_motor_model_updated.obj
 0001:00002350       sf_opaque_set_sim_state_c5_motor_model_updated 0000000180003350 f   c5_motor_model_updated.obj
 0001:00002380       sf_opaque_cleanup_runtime_resources_c5_motor_model_updated 0000000180003380 f   c5_motor_model_updated.obj
 0001:00002420       sf_opaque_mdl_start_c5_motor_model_updated 0000000180003420 f   c5_motor_model_updated.obj
 0001:00002440       sf_opaque_mdl_terminate_c5_motor_model_updated 0000000180003440 f   c5_motor_model_updated.obj
 0001:00002460       mdlProcessParameters_c5_motor_model_updated 0000000180003460 f   c5_motor_model_updated.obj
 0001:000026d0       mdlSetWorkWidths_c5_motor_model_updated 00000001800036d0 f   c5_motor_model_updated.obj
 0001:00002760       mdlRTW_c5_motor_model_updated 0000000180003760 f   c5_motor_model_updated.obj
 0001:000027a0       mdlSetupRuntimeResources_c5_motor_model_updated 00000001800037a0 f   c5_motor_model_updated.obj
 0001:00002cc0       initialize_c6_motor_model_updated 0000000180003cc0 f   c6_motor_model_updated.obj
 0001:00002d20       initialize_params_c6_motor_model_updated 0000000180003d20 f   c6_motor_model_updated.obj
 0001:00002d30       enable_c6_motor_model_updated 0000000180003d30 f   c6_motor_model_updated.obj
 0001:00002d60       disable_c6_motor_model_updated 0000000180003d60 f   c6_motor_model_updated.obj
 0001:00002d90       c6_do_animation_call_c6_motor_model_updated 0000000180003d90 f   c6_motor_model_updated.obj
 0001:00002dd0       get_sim_state_c6_motor_model_updated 0000000180003dd0 f   c6_motor_model_updated.obj
 0001:00002f30       set_sim_state_c6_motor_model_updated 0000000180003f30 f   c6_motor_model_updated.obj
 0001:00002ff0       sf_gateway_c6_motor_model_updated 0000000180003ff0 f   c6_motor_model_updated.obj
 0001:000032d0       mdl_start_c6_motor_model_updated 00000001800042d0 f   c6_motor_model_updated.obj
 0001:000032e0       mdl_terminate_c6_motor_model_updated 00000001800042e0 f   c6_motor_model_updated.obj
 0001:000032f0       mdl_setup_runtime_resources_c6_motor_model_updated 00000001800042f0 f   c6_motor_model_updated.obj
 0001:00003540       mdl_cleanup_runtime_resources_c6_motor_model_updated 0000000180004540 f   c6_motor_model_updated.obj
 0001:00003580       initSimStructsc6_motor_model_updated 0000000180004580 f   c6_motor_model_updated.obj
 0001:00003590       c6_emlrt_marshallIn        0000000180004590 f   c6_motor_model_updated.obj
 0001:00003600       c6_b_emlrt_marshallIn      0000000180004600 f   c6_motor_model_updated.obj
 0001:00003690       c6_c_emlrt_marshallIn      0000000180004690 f   c6_motor_model_updated.obj
 0001:00003700       c6_d_emlrt_marshallIn      0000000180004700 f   c6_motor_model_updated.obj
 0001:00003790       c6_chart_data_browse_helper 0000000180004790 f   c6_motor_model_updated.obj
 0001:00003830       init_dsm_address_info      0000000180004830 f   c6_motor_model_updated.obj
 0001:00003840       init_simulink_io_address   0000000180004840 f   c6_motor_model_updated.obj
 0001:00003af0       sf_get_sim_state_info_c6_motor_model_updated 0000000180004af0 f   c6_motor_model_updated.obj
 0001:00003bb0       sf_opaque_initialize_c6_motor_model_updated 0000000180004bb0 f   c6_motor_model_updated.obj
 0001:00003be0       sf_opaque_enable_c6_motor_model_updated 0000000180004be0 f   c6_motor_model_updated.obj
 0001:00003c00       sf_opaque_disable_c6_motor_model_updated 0000000180004c00 f   c6_motor_model_updated.obj
 0001:00003c20       sf_opaque_gateway_c6_motor_model_updated 0000000180004c20 f   c6_motor_model_updated.obj
 0001:00003c40       sf_opaque_get_sim_state_c6_motor_model_updated 0000000180004c40 f   c6_motor_model_updated.obj
 0001:00003c70       sf_opaque_set_sim_state_c6_motor_model_updated 0000000180004c70 f   c6_motor_model_updated.obj
 0001:00003ca0       sf_opaque_cleanup_runtime_resources_c6_motor_model_updated 0000000180004ca0 f   c6_motor_model_updated.obj
 0001:00003d40       sf_opaque_mdl_start_c6_motor_model_updated 0000000180004d40 f   c6_motor_model_updated.obj
 0001:00003d60       sf_opaque_mdl_terminate_c6_motor_model_updated 0000000180004d60 f   c6_motor_model_updated.obj
 0001:00003d80       mdlProcessParameters_c6_motor_model_updated 0000000180004d80 f   c6_motor_model_updated.obj
 0001:00003ff0       mdlSetWorkWidths_c6_motor_model_updated 0000000180004ff0 f   c6_motor_model_updated.obj
 0001:00004080       mdlRTW_c6_motor_model_updated 0000000180005080 f   c6_motor_model_updated.obj
 0001:000040c0       mdlSetupRuntimeResources_c6_motor_model_updated 00000001800050c0 f   c6_motor_model_updated.obj
 0001:00006a00       $LN190                     0000000180007a00     motor_model_updated_sfun_registry.obj
 0001:000077f4       $LN17                      00000001800087f4     motor_model_updated_sfun_registry.obj
 0001:00007ef4       $LN26                      0000000180008ef4     motor_model_updated_sfun_registry.obj
 0001:000085d4       $LN23                      00000001800095d4     motor_model_updated_sfun_registry.obj
 0001:0000918c       $LN26                      000000018000a18c     motor_model_updated_sfun_registry.obj
 0001:0000bb40       ProcessMexSfunctionCmdLineCall 000000018000cb40 f   motor_model_updated_sfun_registry.obj
 0001:0000be50       mdlSetWorkWidths           000000018000ce50 f   motor_model_updated_sfun_registry.obj
 0001:0000bea0       mdlProcessParameters       000000018000cea0 f   motor_model_updated_sfun_registry.obj
 0001:0000bed0       mdl_setup_runtime_resources_processing 000000018000ced0 f   motor_model_updated_sfun_registry.obj
 0001:0000bf30       mdlSetupRuntimeResources   000000018000cf30 f   motor_model_updated_sfun_registry.obj
 0001:0000bf60       mdl_cleanup_runtime_resources_processing 000000018000cf60 f   motor_model_updated_sfun_registry.obj
 0001:0000c020       mdlCleanupRuntimeResources 000000018000d020 f   motor_model_updated_sfun_registry.obj
 0001:0000c050       mdl_start_processing       000000018000d050 f   motor_model_updated_sfun_registry.obj
 0001:0000c090       mdlStart                   000000018000d090 f   motor_model_updated_sfun_registry.obj
 0001:0000c0c0       mdl_terminate_processing   000000018000d0c0 f   motor_model_updated_sfun_registry.obj
 0001:0000c100       mdlTerminate               000000018000d100 f   motor_model_updated_sfun_registry.obj
 0001:0000c130       mdlInitializeSizes         000000018000d130 f   motor_model_updated_sfun_registry.obj
 0001:0000c160       mdlInitializeSampleTimes   000000018000d160 f   motor_model_updated_sfun_registry.obj
 0001:0000c190       mdl_outputs_continuous_legacy 000000018000d190 f   motor_model_updated_sfun_registry.obj
 0001:0000c290       mdl_outputs_processing     000000018000d290 f   motor_model_updated_sfun_registry.obj
 0001:0000c3b0       mdl_zeroCrossings_processing 000000018000d3b0 f   motor_model_updated_sfun_registry.obj
 0001:0000c3f0       mdlZeroCrossings           000000018000d3f0 f   motor_model_updated_sfun_registry.obj
 0001:0000c420       mdl_derivatives_processing 000000018000d420 f   motor_model_updated_sfun_registry.obj
 0001:0000c470       mdlDerivatives             000000018000d470 f   motor_model_updated_sfun_registry.obj
 0001:0000c4a0       mdl_initialize_conditions_processing 000000018000d4a0 f   motor_model_updated_sfun_registry.obj
 0001:0000c4f0       mdlInitializeConditions    000000018000d4f0 f   motor_model_updated_sfun_registry.obj
 0001:0000c520       mdl_ext_mode_exec_processing 000000018000d520 f   motor_model_updated_sfun_registry.obj
 0001:0000c560       mdlExtModeExec             000000018000d560 f   motor_model_updated_sfun_registry.obj
 0001:0000c590       mdlRTW                     000000018000d590 f   motor_model_updated_sfun_registry.obj
 0001:0000c5d0       mdl_enable_processing      000000018000d5d0 f   motor_model_updated_sfun_registry.obj
 0001:0000c610       mdlEnable                  000000018000d610 f   motor_model_updated_sfun_registry.obj
 0001:0000c640       mdl_disable_processing     000000018000d640 f   motor_model_updated_sfun_registry.obj
 0001:0000c680       mdlDisable                 000000018000d680 f   motor_model_updated_sfun_registry.obj
 0001:0000c6b0       mdlOutputs                 000000018000d6b0 f   motor_model_updated_sfun_registry.obj
 0001:0000c6e0       mdl_update_processing      000000018000d6e0 f   motor_model_updated_sfun_registry.obj
 0001:0000c730       mdlUpdate                  000000018000d730 f   motor_model_updated_sfun_registry.obj
 0001:0000c920       mdlGetTimeOfNextVarHit     000000018000d920 f   motor_model_updated_sfun_registry.obj
 0001:0000c970       _RegNumInputPortsCB        000000018000d970 f   motor_model_updated_sfun_registry.obj
 0001:0000c9f0       _RegNumOutputPortsCB       000000018000d9f0 f   motor_model_updated_sfun_registry.obj
 0001:0000ca70       _CreateSimStruct           000000018000da70 f   motor_model_updated_sfun_registry.obj
 0001:0000cc90       _ProcessMexSfunctionCmdLineCall 000000018000dc90 f   motor_model_updated_sfun_registry.obj
 0001:0000d700       ReportIndexOutOfBoundsError 000000018000e700 f   motor_model_updated_sfun_registry.obj
 0001:0000e0e4       capture_current_context    000000018000f0e4 f   MSVCRT:gs_report.obj
[...]
 0004:0000036c       $pdata$sf_opaque_cleanup_runtime_resources_c6_motor_model_updated 000000018001d36c     c6_motor_model_updated.obj
 0004:00000378       $pdata$sf_opaque_mdl_start_c6_motor_model_updated 000000018001d378     c6_motor_model_updated.obj
 0004:00000384       $pdata$sf_opaque_mdl_terminate_c6_motor_model_updated 000000018001d384     c6_motor_model_updated.obj
 0004:00000390       $pdata$mdlProcessParameters_c6_motor_model_updated 000000018001d390     c6_motor_model_updated.obj
 0004:0000039c       $pdata$sf_c6_motor_model_updated_get_post_codegen_info 000000018001d39c     c6_motor_model_updated.obj
 0004:000003a8       $pdata$mdlSetWorkWidths_c6_motor_model_updated 000000018001d3a8     c6_motor_model_updated.obj
 0004:000003b4       $pdata$mdlRTW_c6_motor_model_updated 000000018001d3b4     c6_motor_model_updated.obj
 0004:000003c0       $pdata$mdlSetupRuntimeResources_c6_motor_model_updated 000000018001d3c0     c6_motor_model_updated.obj
 0004:000003cc       $pdata$mexFunction         000000018001d3cc     motor_model_updated_sfun_registry.obj
 0004:000003d8       $pdata$_ssSetInputPortDirectFeedThroughFcn 000000018001d3d8     motor_model_updated_sfun_registry.obj
 0004:000003e4       $pdata$_ssSetRWorkValueFcn 000000018001d3e4     motor_model_updated_sfun_registry.obj
 0004:000003f0       $pdata$_ssGetRWorkValueFcn 000000018001d3f0     motor_model_updated_sfun_registry.obj
 0004:000003fc       $pdata$_ssSetIWorkValueFcn 000000018001d3fc     motor_model_updated_sfun_registry.obj
 0004:00000408       $pdata$_ssGetIWorkValueFcn 000000018001d408     motor_model_updated_sfun_registry.obj
 0004:00000414       $pdata$_ssSetPWorkValueFcn 000000018001d414     motor_model_updated_sfun_registry.obj
 0004:00000420       $pdata$_ssGetPWorkValueFcn 000000018001d420     motor_model_updated_sfun_registry.obj
 0004:0000042c       $pdata$_ssGetInputPortSignalFcn 000000018001d42c     motor_model_updated_sfun_registry.obj
 0004:00000438       $pdata$_ssGetInputPortBufferDstPortFcn 000000018001d438     motor_model_updated_sfun_registry.obj
 0004:00000444       $pdata$_ssGetInputPortSignalPtrsFcn 000000018001d444     motor_model_updated_sfun_registry.obj
 0004:00000450       $pdata$ssGetParameterTuningCompliance 000000018001d450     motor_model_updated_sfun_registry.obj
 0004:0000045c       $pdata$ssGetDTypeIdFromMxArray 000000018001d45c     motor_model_updated_sfun_registry.obj
 0004:00000468       $pdata$ssWriteRTWMx2dMatParam 000000018001d468     motor_model_updated_sfun_registry.obj
 0004:00000474       $pdata$ssWriteRTWMxVectParam 000000018001d474     motor_model_updated_sfun_registry.obj
 0004:00000480       $pdata$ssWriteRTWParameters 000000018001d480     motor_model_updated_sfun_registry.obj
 0004:0000048c       $pdata$ssWriteRTWParamSettings 000000018001d48c     motor_model_updated_sfun_registry.obj
 0004:00000498       $pdata$ssWriteRTWStr       000000018001d498     motor_model_updated_sfun_registry.obj
 0004:000004a4       $pdata$ssWriteRTWWorkVect  000000018001d4a4     motor_model_updated_sfun_registry.obj
 0004:000004b0       $pdata$ssWarning           000000018001d4b0     motor_model_updated_sfun_registry.obj
 0004:000004bc       $pdata$ssWriteRTWNameValuePair 000000018001d4bc     motor_model_updated_sfun_registry.obj
 0004:000004c8       $pdata$_ssSetInputPortMatrixDimensions 000000018001d4c8     motor_model_updated_sfun_registry.obj
 0004:000004d4       $pdata$_ssSetOutputPortMatrixDimensions 000000018001d4d4     motor_model_updated_sfun_registry.obj
 0004:000004e0       $pdata$_ssSetInputPortVectorDimension 000000018001d4e0     motor_model_updated_sfun_registry.obj
 0004:000004ec       $pdata$_ssSetOutputPortVectorDimension 000000018001d4ec     motor_model_updated_sfun_registry.obj
 0004:000004f8       $pdata$ssIsRunTimeParamTunable 000000018001d4f8     motor_model_updated_sfun_registry.obj
 0004:00000504       $pdata$ssGetSFuncBlockHandle 000000018001d504     motor_model_updated_sfun_registry.obj
 0004:00000510       $pdata$_ssGetCurrentInputPortWidth 000000018001d510     motor_model_updated_sfun_registry.obj
 0004:0000051c       $pdata$_ssGetCurrentOutputPortWidth 000000018001d51c     motor_model_updated_sfun_registry.obj
 0004:00000528       $pdata$_ssGetCallSystemNumFcnCallDestinations 000000018001d528     motor_model_updated_sfun_registry.obj
 0004:00000534       $pdata$ssGetIsZeroCrossControlDisabled 000000018001d534     motor_model_updated_sfun_registry.obj
 0004:00000540       $pdata$ssSetIsInputPortUsedForContZcSignal 000000018001d540     motor_model_updated_sfun_registry.obj
 0004:0000054c       $pdata$ssSetZcSignalIsZcElementDisc 000000018001d54c     motor_model_updated_sfun_registry.obj
 0004:00000558       $pdata$ssSetZcSignalName   000000018001d558     motor_model_updated_sfun_registry.obj
 0004:00000564       $pdata$ssSetZcSignalWidth  000000018001d564     motor_model_updated_sfun_registry.obj
 0004:00000570       $pdata$ssSetZcSignalZcEventType 000000018001d570     motor_model_updated_sfun_registry.obj
 0004:0000057c       $pdata$ssSetZcSignalType   000000018001d57c     motor_model_updated_sfun_registry.obj
 0004:00000588       $pdata$ssSetZcSignalZcTol  000000018001d588     motor_model_updated_sfun_registry.obj
 0004:00000594       $pdata$ssSetZcSignalNeedsEventNotification 000000018001d594     motor_model_updated_sfun_registry.obj
 0004:000005a0       $pdata$ssCreateAndAddZcSignalInfo 000000018001d5a0     motor_model_updated_sfun_registry.obj
 0004:000005ac       $pdata$ssCloneAndAddZcSignalInfo 000000018001d5ac     motor_model_updated_sfun_registry.obj
 0004:000005b8       $pdata$ssGetNumZcSignals   000000018001d5b8     motor_model_updated_sfun_registry.obj
 0004:000005c4       $pdata$ssGetZcSignalVector 000000018001d5c4     motor_model_updated_sfun_registry.obj
 0004:000005d0       $pdata$ssGetZcSignalName   000000018001d5d0     motor_model_updated_sfun_registry.obj
 0004:000005dc       $pdata$ssGetZcSignalWidth  000000018001d5dc     motor_model_updated_sfun_registry.obj
 0004:000005e8       $pdata$ssGetZcSignalZcEventType 000000018001d5e8     motor_model_updated_sfun_registry.obj
 0004:000005f4       $pdata$ssGetZcSignalZcEvents 000000018001d5f4     motor_model_updated_sfun_registry.obj
 0004:00000600       $pdata$ssGetZcSignalType   000000018001d600     motor_model_updated_sfun_registry.obj
 0004:0000060c       $pdata$ssGetZcSignalZcTol  000000018001d60c     motor_model_updated_sfun_registry.obj
 0004:00000618       $pdata$ssGetZcSignalNeedsEventNotification 000000018001d618     motor_model_updated_sfun_registry.obj
 0004:00000624       $pdata$ssGetZcSignalIsZcElementDisc 000000018001d624     motor_model_updated_sfun_registry.obj
 0004:00000630       $pdata$ssGetIsInputPortElementContinuous 000000018001d630     motor_model_updated_sfun_registry.obj
 0004:0000063c       $pdata$_ssGetAbsTol        000000018001d63c     motor_model_updated_sfun_registry.obj
 0004:00000648       $pdata$_ssSetInputPortReusableFcn 000000018001d648     motor_model_updated_sfun_registry.obj
 0004:00000654       $pdata$_ssSetOutputPortReusableFcn 000000018001d654     motor_model_updated_sfun_registry.obj
 0004:00000660       $pdata$_ssSetSymbolicDimsSupport 000000018001d660     motor_model_updated_sfun_registry.obj
 0004:0000066c       $pdata$_ssRegisterSymbolicDimsExpr 000000018001d66c     motor_model_updated_sfun_registry.obj
 0004:00000678       $pdata$_ssRegisterSymbolicDims 000000018001d678     motor_model_updated_sfun_registry.obj
 0004:00000684       $pdata$_ssRegisterSymbolicDimsString 000000018001d684     motor_model_updated_sfun_registry.obj
 0004:00000690       $pdata$_ssRegisterSymbolicDimsIntValue 000000018001d690     motor_model_updated_sfun_registry.obj
 0004:0000069c       $pdata$_ssRegisterSymbolicDimsPlus 000000018001d69c     motor_model_updated_sfun_registry.obj
 0004:000006a8       $pdata$_ssRegisterSymbolicDimsMinus 000000018001d6a8     motor_model_updated_sfun_registry.obj
 0004:000006b4       $pdata$_ssRegisterSymbolicDimsMultiply 000000018001d6b4     motor_model_updated_sfun_registry.obj
 0004:000006c0       $pdata$_ssRegisterSymbolicDimsDivide 000000018001d6c0     motor_model_updated_sfun_registry.obj
 0004:000006cc       $pdata$_ssGetNumSymbolicDims 000000018001d6cc     motor_model_updated_sfun_registry.obj
 0004:000006d8       $pdata$_ssGetSymbolicDim   000000018001d6d8     motor_model_updated_sfun_registry.obj
 0004:000006e4       $pdata$_ssSetInputPortSymbolicDimsId 000000018001d6e4     motor_model_updated_sfun_registry.obj
 0004:000006f0       $pdata$_ssGetCompInputPortSymbolicDimsId 000000018001d6f0     motor_model_updated_sfun_registry.obj
 0004:000006fc       $pdata$_ssSetCompInputPortSymbolicDimsId 000000018001d6fc     motor_model_updated_sfun_registry.obj
 0004:00000708       $pdata$_ssSetOutputPortSymbolicDimsId 000000018001d708     motor_model_updated_sfun_registry.obj
 0004:00000714       $pdata$_ssGetCompOutputPortSymbolicDimsId 000000018001d714     motor_model_updated_sfun_registry.obj
 0004:00000720       $pdata$_ssSetCompOutputPortSymbolicDimsId 000000018001d720     motor_model_updated_sfun_registry.obj
 0004:0000072c       $pdata$_ssSetCompDWorkSymbolicDimsId 000000018001d72c     motor_model_updated_sfun_registry.obj
 0004:00000738       $pdata$sf_process_check_sum_call 000000018001d738     motor_model_updated_sfun_registry.obj
 0004:00000744       $pdata$sf_process_get_third_party_uses_info_call 000000018001d744     motor_model_updated_sfun_registry.obj
 0004:00000750       $pdata$sf_process_get_jit_fallback_info_call 000000018001d750     motor_model_updated_sfun_registry.obj
 0004:0000075c       $pdata$sf_process_get_post_codegen_info_call 000000018001d75c     motor_model_updated_sfun_registry.obj
 0004:00000768       $pdata$sf_process_get_updateBuildInfo_args_info_call 000000018001d768     motor_model_updated_sfun_registry.obj
 0004:00000774       $pdata$sf_process_get_eml_resolved_functions_info_call 000000018001d774     motor_model_updated_sfun_registry.obj
 0004:00000780       $pdata$sf_mex_unlock_call  000000018001d780     motor_model_updated_sfun_registry.obj
 0004:0000078c       $pdata$ProcessMexSfunctionCmdLineCall 000000018001d78c     motor_model_updated_sfun_registry.obj
 0004:00000798       $pdata$sf_machine_global_initializer_called 000000018001d798     motor_model_updated_sfun_registry.obj
 0004:000007a4       $pdata$sf_machine_global_method_dispatcher 000000018001d7a4     motor_model_updated_sfun_registry.obj
 0004:000007b0       $pdata$sf_machine_global_terminator 000000018001d7b0     motor_model_updated_sfun_registry.obj
 0004:000007bc       $pdata$sf_register_machine_exported_symbols 000000018001d7bc     motor_model_updated_sfun_registry.obj
 0004:000007c8       $pdata$sf_machine_global_initializer 000000018001d7c8     motor_model_updated_sfun_registry.obj
 0004:000007d4       $pdata$mdlGetSimState      000000018001d7d4     motor_model_updated_sfun_registry.obj
 0004:000007e0       $pdata$mdlSetSimState      000000018001d7e0     motor_model_updated_sfun_registry.obj
 0004:000007ec       $pdata$mdlSetWorkWidths    000000018001d7ec     motor_model_updated_sfun_registry.obj
 0004:000007f8       $pdata$mdlProcessParameters 000000018001d7f8     motor_model_updated_sfun_registry.obj
 0004:00000804       $pdata$mdl_setup_runtime_resources_processing 000000018001d804     motor_model_updated_sfun_registry.obj
 0004:00000810       $pdata$mdlSetupRuntimeResources 000000018001d810     motor_model_updated_sfun_registry.obj
 0004:0000081c       $pdata$mdl_cleanup_runtime_resources_processing 000000018001d81c     motor_model_updated_sfun_registry.obj
 0004:00000828       $pdata$mdlCleanupRuntimeResources 000000018001d828     motor_model_updated_sfun_registry.obj
 0004:00000834       $pdata$mdl_start_processing 000000018001d834     motor_model_updated_sfun_registry.obj
 0004:00000840       $pdata$mdlStart            000000018001d840     motor_model_updated_sfun_registry.obj
 0004:0000084c       $pdata$mdl_terminate_processing 000000018001d84c     motor_model_updated_sfun_registry.obj
 0004:00000858       $pdata$mdlTerminate        000000018001d858     motor_model_updated_sfun_registry.obj
 0004:00000864       $pdata$mdlInitializeSizes  000000018001d864     motor_model_updated_sfun_registry.obj
 0004:00000870       $pdata$mdlInitializeSampleTimes 000000018001d870     motor_model_updated_sfun_registry.obj
 0004:0000087c       $pdata$mdl_outputs_continuous_legacy 000000018001d87c     motor_model_updated_sfun_registry.obj
 0004:00000888       $pdata$mdl_outputs_processing 000000018001d888     motor_model_updated_sfun_registry.obj
 0004:00000894       $pdata$mdl_zeroCrossings_processing 000000018001d894     motor_model_updated_sfun_registry.obj
 0004:000008a0       $pdata$mdlZeroCrossings    000000018001d8a0     motor_model_updated_sfun_registry.obj
 0004:000008ac       $pdata$mdl_derivatives_processing 000000018001d8ac     motor_model_updated_sfun_registry.obj
 0004:000008b8       $pdata$mdlDerivatives      000000018001d8b8     motor_model_updated_sfun_registry.obj
 0004:000008c4       $pdata$mdl_initialize_conditions_processing 000000018001d8c4     motor_model_updated_sfun_registry.obj
 0004:000008d0       $pdata$mdlInitializeConditions 000000018001d8d0     motor_model_updated_sfun_registry.obj
 0004:000008dc       $pdata$mdl_ext_mode_exec_processing 000000018001d8dc     motor_model_updated_sfun_registry.obj
 0004:000008e8       $pdata$mdlExtModeExec      000000018001d8e8     motor_model_updated_sfun_registry.obj
 0004:000008f4       $pdata$mdlRTW              000000018001d8f4     motor_model_updated_sfun_registry.obj
 0004:00000900       $pdata$mdl_enable_processing 000000018001d900     motor_model_updated_sfun_registry.obj
 0004:0000090c       $pdata$mdlEnable           000000018001d90c     motor_model_updated_sfun_registry.obj
 0004:00000918       $pdata$mdl_disable_processing 000000018001d918     motor_model_updated_sfun_registry.obj
 0004:00000924       $pdata$mdlDisable          000000018001d924     motor_model_updated_sfun_registry.obj
 0004:00000930       $pdata$mdlOutputs          000000018001d930     motor_model_updated_sfun_registry.obj
 0004:0000093c       $pdata$mdl_update_processing 000000018001d93c     motor_model_updated_sfun_registry.obj
 0004:00000948       $pdata$mdlUpdate           000000018001d948     motor_model_updated_sfun_registry.obj
 0004:00000954       $pdata$ProcessMexSfunctionEveryCall 000000018001d954     motor_model_updated_sfun_registry.obj
 0004:00000960       $pdata$_RegNumInputPortsCB 000000018001d960     motor_model_updated_sfun_registry.obj
 0004:0000096c       $pdata$_RegNumOutputPortsCB 000000018001d96c     motor_model_updated_sfun_registry.obj
 0004:00000978       $pdata$_CreateSimStruct    000000018001d978     motor_model_updated_sfun_registry.obj
 0004:00000984       $pdata$_ProcessMexSfunctionCmdLineCall 000000018001d984     motor_model_updated_sfun_registry.obj
 0004:00000990       $pdata$ReportIndexOutOfBoundsError 000000018001d990     motor_model_updated_sfun_registry.obj
 0004:0000099c       $pdata$_vsnprintf_l        000000018001d99c     motor_model_updated_sfun_registry.obj
 0004:000009a8       $pdata$_vsprintf_l         000000018001d9a8     motor_model_updated_sfun_registry.obj
 0004:000009b4       $pdata$sprintf             000000018001d9b4     motor_model_updated_sfun_registry.obj
 0004:000009c0       $pdata$__raise_securityfailure 000000018001d9c0     MSVCRT:gs_report.obj
 0004:000009cc       $pdata$__report_gsfailure  000000018001d9cc     MSVCRT:gs_report.obj
 0004:000009d8       $pdata$__report_rangecheckfailure 000000018001d9d8     MSVCRT:gs_report.obj
 0004:000009e4       $pdata$__report_securityfailure 000000018001d9e4     MSVCRT:gs_report.obj
 0004:000009f0       $pdata$__report_securityfailureEx 000000018001d9f0     MSVCRT:gs_report.obj
 0004:000009fc       $pdata$capture_current_context 000000018001d9fc     MSVCRT:gs_report.obj
 0004:00000a08       $pdata$capture_previous_context 000000018001da08     MSVCRT:gs_report.obj
 0004:00000a14       $pdata$__GSHandlerCheck    000000018001da14     MSVCRT:gshandler.obj
 0004:00000a20       $pdata$__GSHandlerCheckCommon 000000018001da20     MSVCRT:gshandler.obj
 0004:00000a38       $pdata$?dllmain_crt_dispatch@@YAHQEAUHINSTANCE__@@KQEAX@Z 000000018001da38     MSVCRT:dll_dllmain.obj
 0004:00000a44       $pdata$?dllmain_crt_process_attach@@YAHQEAUHINSTANCE__@@QEAX@Z 000000018001da44     MSVCRT:dll_dllmain.obj
 0004:00000a50       $pdata$?dllmain_crt_process_detach@@YAH_N@Z 000000018001da50     MSVCRT:dll_dllmain.obj
 0004:00000a5c       $pdata$?dllmain_dispatch@@YAHQEAUHINSTANCE__@@KQEAX@Z 000000018001da5c     MSVCRT:dll_dllmain.obj
 0004:00000a68       $pdata$_DllMainCRTStartup  000000018001da68     MSVCRT:dll_dllmain.obj
 0004:00000a74       $pdata$__get_entropy       000000018001da74     MSVCRT:gs_support.obj
 0004:00000a80       $pdata$__security_init_cookie 000000018001da80     MSVCRT:gs_support.obj
 0004:00000a8c       $pdata$DllMain             000000018001da8c     MSVCRT:dll_dllmain_stub.obj
 0004:00000a98       $pdata$__scrt_initialize_default_local_stdio_options 000000018001da98     MSVCRT:default_local_stdio_options.obj
 0004:00000aa4       $pdata$?configure_argv@__scrt_narrow_argv_policy@@SAHXZ 000000018001daa4     MSVCRT:utility.obj
 0004:00000ab0       $pdata$__scrt_acquire_startup_lock 000000018001dab0     MSVCRT:utility.obj
 0004:00000abc       $pdata$__scrt_dllmain_after_initialize_c 000000018001dabc     MSVCRT:utility.obj
 0004:00000ac8       $pdata$__scrt_dllmain_before_initialize_c 000000018001dac8     MSVCRT:utility.obj
 0004:00000ad4       $pdata$__scrt_dllmain_crt_thread_attach 000000018001dad4     MSVCRT:utility.obj
 0004:00000ae0       $pdata$__scrt_dllmain_crt_thread_detach 000000018001dae0     MSVCRT:utility.obj
 0004:00000aec       $pdata$__scrt_dllmain_exception_filter 000000018001daec     MSVCRT:utility.obj
 0004:00000af8       $pdata$__scrt_dllmain_uninitialize_c 000000018001daf8     MSVCRT:utility.obj
 0004:00000b04       $pdata$__scrt_dllmain_uninitialize_critical 000000018001db04     MSVCRT:utility.obj
 0004:00000b10       $pdata$__scrt_initialize_crt 000000018001db10     MSVCRT:utility.obj
 0004:00000b1c       $pdata$__scrt_initialize_onexit_tables 000000018001db1c     MSVCRT:utility.obj
 0004:00000b28       $pdata$__scrt_is_nonwritable_in_current_image 000000018001db28     MSVCRT:utility.obj
 0004:00000b34       $pdata$__scrt_release_startup_lock 000000018001db34     MSVCRT:utility.obj
 0004:00000b40       $pdata$__scrt_uninitialize_crt 000000018001db40     MSVCRT:utility.obj
 0004:00000b4c       $pdata$_onexit             000000018001db4c     MSVCRT:utility.obj
 0004:00000b58       $pdata$atexit              000000018001db58     MSVCRT:utility.obj
 0004:00000b64       $pdata$__scrt_fastfail     000000018001db64     MSVCRT:utility_desktop.obj
 0004:00000b70       $pdata$__scrt_get_show_window_mode 000000018001db70     MSVCRT:utility_desktop.obj
 0004:00000b7c       $pdata$__scrt_is_managed_app 000000018001db7c     MSVCRT:utility_desktop.obj
 0004:00000b88       $pdata$__scrt_unhandled_exception_filter 000000018001db88     MSVCRT:utility_desktop.obj
 0004:00000b94       $pdata$_RTC_Initialize     000000018001db94     MSVCRT:initsect.obj
 0004:00000ba0       $pdata$_RTC_Terminate      000000018001dba0     MSVCRT:initsect.obj
 0004:00000bac       $pdata$__isa_available_init 000000018001dbac     MSVCRT:cpu_disp.obj
 0004:00000bc4       $pdata$?fin$0@?0??dllmain_crt_process_attach@@YAHQEAUHINSTANCE__@@QEAX@Z@4HA 000000018001dbc4     MSVCRT:dll_dllmain.obj
 0004:00000bd0       $pdata$?fin$0@?0??dllmain_crt_process_detach@@YAH_N@Z@4HA 000000018001dbd0     MSVCRT:dll_dllmain.obj
 0004:00000bdc       $pdata$?filt$0@?0??dllmain_dispatch@@YAHQEAUHINSTANCE__@@KQEAX@Z@4HA 000000018001dbdc     MSVCRT:dll_dllmain.obj
 0004:00000be8       $pdata$__scrt_is_nonwritable_in_current_image$filt$0 000000018001dbe8     MSVCRT:utility.obj
